<html>
<body>
<pre>
<h1>µVision Build Log</h1>
<h2>Tool Versions:</h2>
IDE-Version: ¦ÌVision V5.25.2.0
Copyright (C) 2018 ARM Ltd and ARM Germany GmbH. All rights reserved.
License Information: AA DD, EE, LIC=7YKJJ-UWZNN-ZCPJY-I5TIZ-F68JZ-D9QW2
 
Tool Versions:
Toolchain:       MDK-ARM Professional  Version: 5.25.2.0
Toolchain Path:  C:\Keil_v5\ARM\ARMCC\Bin
C Compiler:      Armcc.exe V5.06 update 6 (build 750)
Assembler:       Armasm.exe V5.06 update 6 (build 750)
Linker/Locator:  ArmLink.exe V5.06 update 6 (build 750)
Library Manager: ArmAr.exe V5.06 update 6 (build 750)
Hex Converter:   FromElf.exe V5.06 update 6 (build 750)
CPU DLL:         SARMCM3.DLL V5.25.2.0
Dialog DLL:      DARMCM1.DLL V1.19.1.0
Target DLL:      STLink\ST-LINKIII-KEIL_SWO.dll V3.0.1.0
Dialog DLL:      TARMCM1.DLL V1.14.0.0
 
<h2>Project:</h2>
D:\workdata\rt-thread\gitcode\rt-thread\bsp\STM32F0xx\Projects\STM32F072project\MDK-ARM\Project.uvprojx
Project File Date:  08/16/2018

<h2>Output:</h2>
*** Using Compiler 'V5.06 update 6 (build 750)', folder: 'C:\Keil_v5\ARM\ARMCC\Bin'
Rebuild target 'STM32F072'
compiling application.c...
..\applications\application.c(52): warning:  #223-D: function "finsh_set_device" declared implicitly
      finsh_set_device(RT_CONSOLE_DEVICE_NAME);
..\applications\application.c: 1 warning, 0 errors
compiling startup.c...
compiling board.c...
compiling led.c...
compiling stm32f0xx_it.c...
compiling usart.c...
assembling startup_stm32f072.s...
compiling system_stm32f0xx.c...
compiling stm32f0xx_pwr.c...
compiling stm32f0xx_exti.c...
compiling stm32f0xx_syscfg.c...
compiling stm32f0xx_spi.c...
compiling stm32f0xx_usart.c...
compiling stm32f0xx_flash.c...
compiling stm32f0xx_iwdg.c...
compiling stm32f0xx_adc.c...
compiling stm32f0xx_rcc.c...
compiling stm32f0xx_dma.c...
compiling stm32f0xx_rtc.c...
compiling stm32f0xx_gpio.c...
compiling stm32f0xx_dbgmcu.c...
compiling stm32f0xx_crc.c...
compiling stm32f0xx_wwdg.c...
compiling stm32f0xx_can.c...
compiling stm32f0xx_i2c.c...
compiling stm32f0xx_misc.c...
compiling stm32f0xx_tim.c...
compiling stm32f0xx_crs.c...
compiling stm32f0xx_comp.c...
compiling stm32f0xx_dac.c...
compiling stm32f0xx_cec.c...
compiling clock.c...
compiling components.c...
compiling device.c...
compiling idle.c...
compiling ipc.c...
compiling irq.c...
compiling kservice.c...
compiling mem.c...
compiling object.c...
compiling scheduler.c...
compiling signal.c...
compiling thread.c...
compiling timer.c...
compiling backtrace.c...
compiling div0.c...
compiling showmem.c...
compiling cpuport.c...
assembling context_rvds.S...
compiling serial.c...
compiling completion.c...
compiling dataqueue.c...
compiling pipe.c...
compiling ringbuffer.c...
compiling waitqueue.c...
compiling workqueue.c...
compiling cmd.c...
compiling shell.c...
compiling symbol.c...
compiling msh.c...
compiling msh_cmd.c...
compiling msh_file.c...
linking...
STM32F072\STM32F072.axf: Warning: L6319W: Ignoring --keep command. Cannot find section *.o(FSymTab).
Program Size: Code=19910 RO-data=2554 RW-data=280 ZI-data=2032  
Finished: 0 information, 1 warning and 0 error messages.
"STM32F072\STM32F072.axf" - 0 Error(s), 2 Warning(s).

<h2>Software Packages used:</h2>

Package Vendor: Keil
                http://www.keil.com/pack/Keil.STM32F0xx_DFP.2.0.0.pack
                Keil.STM32F0xx_DFP.2.0.0
                STMicroelectronics STM32F0 Series Device Support, Drivers and Examples

<h2>Collection of Component include folders:</h2>
  .\RTE\_STM32F072
  C:\Keil_v5\ARM\PACK\Keil\STM32F0xx_DFP\2.0.0\Drivers\CMSIS\Device\ST\STM32F0xx\Include

<h2>Collection of Component Files used:</h2>
Build Time Elapsed:  00:00:31
</pre>
</body>
</html>
