<!doctype html public "-//w3c//dtd html 4.0 transitional//en">
<html><head>
<title>Static Call Graph - [STM32F072\STM32F072.axf]</title></head>
<body><HR>
<H1>Static Call Graph for image STM32F072\STM32F072.axf</H1><HR>
<BR><P>#&#060CALLGRAPH&#062# ARM Linker, 5060750: Last Updated: Sat Aug 25 00:44:16 2018
<BR><P>
<H3>Maximum Stack Usage =        372 bytes + Unknown(Cycles, Untraceable Function Pointers)</H3><H3>
Call chain for Maximum Stack Depth:</H3>
main &rArr; rtthread_startup &rArr; rt_application_init &rArr; rt_thread_create &rArr; rt_object_allocate &rArr; rt_malloc &rArr; rt_sem_take &rArr; rt_schedule &rArr; _rt_scheduler_stack_check &rArr;  list_thread (Cycle)
<P>
<H3>
Mutually Recursive functions
</H3> <LI><a href="#[12]">ADC1_COMP_IRQHandler</a>&nbsp;&nbsp;&nbsp;&rArr;&nbsp;&nbsp;&nbsp;<a href="#[12]">ADC1_COMP_IRQHandler</a><BR>
 <LI><a href="#[67]">rt_assert_handler</a>&nbsp;&nbsp;&nbsp;&rArr;&nbsp;&nbsp;&nbsp;<a href="#[5f]">rt_kprintf</a><BR>
 <LI><a href="#[6b]">_rt_scheduler_stack_check</a>&nbsp;&nbsp;&nbsp;&rArr;&nbsp;&nbsp;&nbsp;<a href="#[43]">list_thread</a><BR>
 <LI><a href="#[35]">rt_thread_idle_entry</a>&nbsp;&nbsp;&nbsp;&rArr;&nbsp;&nbsp;&nbsp;<a href="#[35]">rt_thread_idle_entry</a><BR>
</UL>
<P>
<H3>
Function Pointers
</H3><UL>
 <LI><a href="#[12]">ADC1_COMP_IRQHandler</a> from startup_stm32f072.o(.text) referenced from startup_stm32f072.o(RESET)
 <LI><a href="#[24]">CEC_CAN_IRQHandler</a> from startup_stm32f072.o(.text) referenced from startup_stm32f072.o(RESET)
 <LI><a href="#[f]">DMA1_Channel1_IRQHandler</a> from startup_stm32f072.o(.text) referenced from startup_stm32f072.o(RESET)
 <LI><a href="#[10]">DMA1_Channel2_3_IRQHandler</a> from startup_stm32f072.o(.text) referenced from startup_stm32f072.o(RESET)
 <LI><a href="#[11]">DMA1_Channel4_5_6_7_IRQHandler</a> from startup_stm32f072.o(.text) referenced from startup_stm32f072.o(RESET)
 <LI><a href="#[b]">EXTI0_1_IRQHandler</a> from startup_stm32f072.o(.text) referenced from startup_stm32f072.o(RESET)
 <LI><a href="#[c]">EXTI2_3_IRQHandler</a> from startup_stm32f072.o(.text) referenced from startup_stm32f072.o(RESET)
 <LI><a href="#[d]">EXTI4_15_IRQHandler</a> from startup_stm32f072.o(.text) referenced from startup_stm32f072.o(RESET)
 <LI><a href="#[9]">FLASH_IRQHandler</a> from startup_stm32f072.o(.text) referenced from startup_stm32f072.o(RESET)
 <LI><a href="#[2]">HardFault_Handler</a> from context_rvds.o(.text) referenced from startup_stm32f072.o(RESET)
 <LI><a href="#[1d]">I2C1_IRQHandler</a> from startup_stm32f072.o(.text) referenced from startup_stm32f072.o(RESET)
 <LI><a href="#[1e]">I2C2_IRQHandler</a> from startup_stm32f072.o(.text) referenced from startup_stm32f072.o(RESET)
 <LI><a href="#[1]">NMI_Handler</a> from stm32f0xx_it.o(i.NMI_Handler) referenced from startup_stm32f072.o(RESET)
 <LI><a href="#[7]">PVD_VDDIO2_IRQHandler</a> from startup_stm32f072.o(.text) referenced from startup_stm32f072.o(RESET)
 <LI><a href="#[4]">PendSV_Handler</a> from context_rvds.o(.text) referenced from startup_stm32f072.o(RESET)
 <LI><a href="#[a]">RCC_CRS_IRQHandler</a> from startup_stm32f072.o(.text) referenced from startup_stm32f072.o(RESET)
 <LI><a href="#[8]">RTC_IRQHandler</a> from startup_stm32f072.o(.text) referenced from startup_stm32f072.o(RESET)
 <LI><a href="#[0]">Reset_Handler</a> from startup_stm32f072.o(.text) referenced from startup_stm32f072.o(RESET)
 <LI><a href="#[1f]">SPI1_IRQHandler</a> from startup_stm32f072.o(.text) referenced from startup_stm32f072.o(RESET)
 <LI><a href="#[20]">SPI2_IRQHandler</a> from startup_stm32f072.o(.text) referenced from startup_stm32f072.o(RESET)
 <LI><a href="#[3]">SVC_Handler</a> from stm32f0xx_it.o(i.SVC_Handler) referenced from startup_stm32f072.o(RESET)
 <LI><a href="#[5]">SysTick_Handler</a> from board.o(i.SysTick_Handler) referenced from startup_stm32f072.o(RESET)
 <LI><a href="#[27]">SystemInit</a> from system_stm32f0xx.o(i.SystemInit) referenced from startup_stm32f072.o(.text)
 <LI><a href="#[19]">TIM14_IRQHandler</a> from startup_stm32f072.o(.text) referenced from startup_stm32f072.o(RESET)
 <LI><a href="#[1a]">TIM15_IRQHandler</a> from startup_stm32f072.o(.text) referenced from startup_stm32f072.o(RESET)
 <LI><a href="#[1b]">TIM16_IRQHandler</a> from startup_stm32f072.o(.text) referenced from startup_stm32f072.o(RESET)
 <LI><a href="#[1c]">TIM17_IRQHandler</a> from startup_stm32f072.o(.text) referenced from startup_stm32f072.o(RESET)
 <LI><a href="#[13]">TIM1_BRK_UP_TRG_COM_IRQHandler</a> from startup_stm32f072.o(.text) referenced from startup_stm32f072.o(RESET)
 <LI><a href="#[14]">TIM1_CC_IRQHandler</a> from startup_stm32f072.o(.text) referenced from startup_stm32f072.o(RESET)
 <LI><a href="#[15]">TIM2_IRQHandler</a> from startup_stm32f072.o(.text) referenced from startup_stm32f072.o(RESET)
 <LI><a href="#[16]">TIM3_IRQHandler</a> from startup_stm32f072.o(.text) referenced from startup_stm32f072.o(RESET)
 <LI><a href="#[17]">TIM6_DAC_IRQHandler</a> from startup_stm32f072.o(.text) referenced from startup_stm32f072.o(RESET)
 <LI><a href="#[18]">TIM7_IRQHandler</a> from startup_stm32f072.o(.text) referenced from startup_stm32f072.o(RESET)
 <LI><a href="#[e]">TSC_IRQHandler</a> from startup_stm32f072.o(.text) referenced from startup_stm32f072.o(RESET)
 <LI><a href="#[21]">USART1_IRQHandler</a> from startup_stm32f072.o(.text) referenced from startup_stm32f072.o(RESET)
 <LI><a href="#[22]">USART2_IRQHandler</a> from usart.o(i.USART2_IRQHandler) referenced from startup_stm32f072.o(RESET)
 <LI><a href="#[23]">USART3_4_IRQHandler</a> from startup_stm32f072.o(.text) referenced from startup_stm32f072.o(RESET)
 <LI><a href="#[25]">USB_IRQHandler</a> from startup_stm32f072.o(.text) referenced from startup_stm32f072.o(RESET)
 <LI><a href="#[6]">WWDG_IRQHandler</a> from startup_stm32f072.o(.text) referenced from startup_stm32f072.o(RESET)
 <LI><a href="#[28]">__main</a> from entry.o(.ARM.Collect$$$$00000000) referenced from startup_stm32f072.o(.text)
 <LI><a href="#[2b]">finsh_rx_ind</a> from shell.o(i.finsh_rx_ind) referenced from shell.o(i.finsh_set_device)
 <LI><a href="#[3e]">finsh_system_init</a> from shell.o(i.finsh_system_init) referenced from shell.o(.rti_fn.6)
 <LI><a href="#[2c]">finsh_thread_entry</a> from shell.o(i.finsh_thread_entry) referenced from shell.o(i.finsh_system_init)
 <LI><a href="#[40]">hello</a> from cmd.o(i.hello) referenced from symbol.o(.data)
 <LI><a href="#[34]">led_thread_entry</a> from application.o(i.led_thread_entry) referenced from application.o(i.rt_init_thread_entry)
 <LI><a href="#[42]">list</a> from cmd.o(i.list) referenced from symbol.o(.data)
 <LI><a href="#[45]">list_mutex</a> from cmd.o(i.list_mutex) referenced from symbol.o(.data)
 <LI><a href="#[44]">list_sem</a> from cmd.o(i.list_sem) referenced from symbol.o(.data)
 <LI><a href="#[43]">list_thread</a> from cmd.o(i.list_thread) referenced from symbol.o(.data)
 <LI><a href="#[46]">list_timer</a> from cmd.o(i.list_timer) referenced from symbol.o(.data)
 <LI><a href="#[26]">main</a> from startup.o(i.main) referenced from entry9a.o(.ARM.Collect$$$$0000000B)
 <LI><a href="#[3d]">rt_hw_led_init</a> from led.o(i.rt_hw_led_init) referenced from led.o(.rti_fn.3)
 <LI><a href="#[2d]">rt_init_thread_entry</a> from application.o(i.rt_init_thread_entry) referenced from application.o(i.rt_application_init)
 <LI><a href="#[30]">rt_serial_close</a> from serial.o(i.rt_serial_close) referenced from serial.o(i.rt_hw_serial_register)
 <LI><a href="#[33]">rt_serial_control</a> from serial.o(i.rt_serial_control) referenced from serial.o(i.rt_hw_serial_register)
 <LI><a href="#[2e]">rt_serial_init</a> from serial.o(i.rt_serial_init) referenced from serial.o(i.rt_hw_serial_register)
 <LI><a href="#[2f]">rt_serial_open</a> from serial.o(i.rt_serial_open) referenced from serial.o(i.rt_hw_serial_register)
 <LI><a href="#[31]">rt_serial_read</a> from serial.o(i.rt_serial_read) referenced from serial.o(i.rt_hw_serial_register)
 <LI><a href="#[32]">rt_serial_write</a> from serial.o(i.rt_serial_write) referenced from serial.o(i.rt_hw_serial_register)
 <LI><a href="#[29]">rt_thread_exit</a> from thread.o(i.rt_thread_exit) referenced from thread.o(i._rt_thread_init)
 <LI><a href="#[35]">rt_thread_idle_entry</a> from idle.o(i.rt_thread_idle_entry) referenced from idle.o(i.rt_thread_idle_init)
 <LI><a href="#[2a]">rt_thread_timeout</a> from thread.o(i.rt_thread_timeout) referenced from thread.o(i._rt_thread_init)
 <LI><a href="#[3c]">rti_board_end</a> from components.o(i.rti_board_end) referenced from components.o(.rti_fn.1.end)
 <LI><a href="#[3b]">rti_board_start</a> from components.o(i.rti_board_start) referenced from components.o(.rti_fn.0.end)
 <LI><a href="#[3f]">rti_end</a> from components.o(i.rti_end) referenced from components.o(.rti_fn.6.end)
 <LI><a href="#[3a]">rti_start</a> from components.o(i.rti_start) referenced from components.o(.rti_fn.0)
 <LI><a href="#[36]">stm32_configure</a> from usart.o(i.stm32_configure) referenced from usart.o(.constdata)
 <LI><a href="#[37]">stm32_control</a> from usart.o(i.stm32_control) referenced from usart.o(.constdata)
 <LI><a href="#[39]">stm32_getc</a> from usart.o(i.stm32_getc) referenced from usart.o(.constdata)
 <LI><a href="#[38]">stm32_putc</a> from usart.o(i.stm32_putc) referenced from usart.o(.constdata)
 <LI><a href="#[41]">version</a> from cmd.o(i.version) referenced from symbol.o(.data)
</UL>
<P>
<H3>
Global Symbols
</H3>
<P><STRONG><a name="[28]"></a>__main</STRONG> (Thumb, 0 bytes, Stack size unknown bytes, entry.o(.ARM.Collect$$$$00000000))
<BR>[Address Reference Count : 1]<UL><LI> startup_stm32f072.o(.text)
</UL>
<P><STRONG><a name="[e2]"></a>_main_stk</STRONG> (Thumb, 0 bytes, Stack size unknown bytes, entry2.o(.ARM.Collect$$$$00000001))

<P><STRONG><a name="[47]"></a>_main_scatterload</STRONG> (Thumb, 0 bytes, Stack size unknown bytes, entry5.o(.ARM.Collect$$$$00000004))
<BR><BR>[Calls]<UL><LI><a href="#[48]">&gt;&gt;</a>&nbsp;&nbsp;&nbsp;__scatterload
</UL>

<P><STRONG><a name="[4d]"></a>__main_after_scatterload</STRONG> (Thumb, 0 bytes, Stack size unknown bytes, entry5.o(.ARM.Collect$$$$00000004))
<BR><BR>[Called By]<UL><LI><a href="#[48]">&gt;&gt;</a>&nbsp;&nbsp;&nbsp;__scatterload
</UL>

<P><STRONG><a name="[e3]"></a>_main_clock</STRONG> (Thumb, 0 bytes, Stack size unknown bytes, entry7b.o(.ARM.Collect$$$$00000008))

<P><STRONG><a name="[e4]"></a>_main_cpp_init</STRONG> (Thumb, 0 bytes, Stack size unknown bytes, entry8b.o(.ARM.Collect$$$$0000000A))

<P><STRONG><a name="[e5]"></a>_main_init</STRONG> (Thumb, 0 bytes, Stack size unknown bytes, entry9a.o(.ARM.Collect$$$$0000000B))

<P><STRONG><a name="[e6]"></a>__rt_final_cpp</STRONG> (Thumb, 0 bytes, Stack size unknown bytes, entry10a.o(.ARM.Collect$$$$0000000D))

<P><STRONG><a name="[e7]"></a>__rt_final_exit</STRONG> (Thumb, 0 bytes, Stack size unknown bytes, entry11a.o(.ARM.Collect$$$$0000000F))

<P><STRONG><a name="[0]"></a>Reset_Handler</STRONG> (Thumb, 38 bytes, Stack size 0 bytes, startup_stm32f072.o(.text))
<BR>[Address Reference Count : 1]<UL><LI> startup_stm32f072.o(RESET)
</UL>
<P><STRONG><a name="[12]"></a>ADC1_COMP_IRQHandler</STRONG> (Thumb, 0 bytes, Stack size 0 bytes, startup_stm32f072.o(.text))
<BR><BR>[Calls]<UL><LI><a href="#[12]">&gt;&gt;</a>&nbsp;&nbsp;&nbsp;ADC1_COMP_IRQHandler
</UL>
<BR>[Called By]<UL><LI><a href="#[12]">&gt;&gt;</a>&nbsp;&nbsp;&nbsp;ADC1_COMP_IRQHandler
</UL>
<BR>[Address Reference Count : 1]<UL><LI> startup_stm32f072.o(RESET)
</UL>
<P><STRONG><a name="[24]"></a>CEC_CAN_IRQHandler</STRONG> (Thumb, 0 bytes, Stack size 0 bytes, startup_stm32f072.o(.text))
<BR>[Address Reference Count : 1]<UL><LI> startup_stm32f072.o(RESET)
</UL>
<P><STRONG><a name="[f]"></a>DMA1_Channel1_IRQHandler</STRONG> (Thumb, 0 bytes, Stack size 0 bytes, startup_stm32f072.o(.text))
<BR>[Address Reference Count : 1]<UL><LI> startup_stm32f072.o(RESET)
</UL>
<P><STRONG><a name="[10]"></a>DMA1_Channel2_3_IRQHandler</STRONG> (Thumb, 0 bytes, Stack size 0 bytes, startup_stm32f072.o(.text))
<BR>[Address Reference Count : 1]<UL><LI> startup_stm32f072.o(RESET)
</UL>
<P><STRONG><a name="[11]"></a>DMA1_Channel4_5_6_7_IRQHandler</STRONG> (Thumb, 0 bytes, Stack size 0 bytes, startup_stm32f072.o(.text))
<BR>[Address Reference Count : 1]<UL><LI> startup_stm32f072.o(RESET)
</UL>
<P><STRONG><a name="[b]"></a>EXTI0_1_IRQHandler</STRONG> (Thumb, 0 bytes, Stack size 0 bytes, startup_stm32f072.o(.text))
<BR>[Address Reference Count : 1]<UL><LI> startup_stm32f072.o(RESET)
</UL>
<P><STRONG><a name="[c]"></a>EXTI2_3_IRQHandler</STRONG> (Thumb, 0 bytes, Stack size 0 bytes, startup_stm32f072.o(.text))
<BR>[Address Reference Count : 1]<UL><LI> startup_stm32f072.o(RESET)
</UL>
<P><STRONG><a name="[d]"></a>EXTI4_15_IRQHandler</STRONG> (Thumb, 0 bytes, Stack size 0 bytes, startup_stm32f072.o(.text))
<BR>[Address Reference Count : 1]<UL><LI> startup_stm32f072.o(RESET)
</UL>
<P><STRONG><a name="[9]"></a>FLASH_IRQHandler</STRONG> (Thumb, 0 bytes, Stack size 0 bytes, startup_stm32f072.o(.text))
<BR>[Address Reference Count : 1]<UL><LI> startup_stm32f072.o(RESET)
</UL>
<P><STRONG><a name="[1d]"></a>I2C1_IRQHandler</STRONG> (Thumb, 0 bytes, Stack size 0 bytes, startup_stm32f072.o(.text))
<BR>[Address Reference Count : 1]<UL><LI> startup_stm32f072.o(RESET)
</UL>
<P><STRONG><a name="[1e]"></a>I2C2_IRQHandler</STRONG> (Thumb, 0 bytes, Stack size 0 bytes, startup_stm32f072.o(.text))
<BR>[Address Reference Count : 1]<UL><LI> startup_stm32f072.o(RESET)
</UL>
<P><STRONG><a name="[7]"></a>PVD_VDDIO2_IRQHandler</STRONG> (Thumb, 0 bytes, Stack size 0 bytes, startup_stm32f072.o(.text))
<BR>[Address Reference Count : 1]<UL><LI> startup_stm32f072.o(RESET)
</UL>
<P><STRONG><a name="[a]"></a>RCC_CRS_IRQHandler</STRONG> (Thumb, 0 bytes, Stack size 0 bytes, startup_stm32f072.o(.text))
<BR>[Address Reference Count : 1]<UL><LI> startup_stm32f072.o(RESET)
</UL>
<P><STRONG><a name="[8]"></a>RTC_IRQHandler</STRONG> (Thumb, 0 bytes, Stack size 0 bytes, startup_stm32f072.o(.text))
<BR>[Address Reference Count : 1]<UL><LI> startup_stm32f072.o(RESET)
</UL>
<P><STRONG><a name="[1f]"></a>SPI1_IRQHandler</STRONG> (Thumb, 0 bytes, Stack size 0 bytes, startup_stm32f072.o(.text))
<BR>[Address Reference Count : 1]<UL><LI> startup_stm32f072.o(RESET)
</UL>
<P><STRONG><a name="[20]"></a>SPI2_IRQHandler</STRONG> (Thumb, 0 bytes, Stack size 0 bytes, startup_stm32f072.o(.text))
<BR>[Address Reference Count : 1]<UL><LI> startup_stm32f072.o(RESET)
</UL>
<P><STRONG><a name="[19]"></a>TIM14_IRQHandler</STRONG> (Thumb, 0 bytes, Stack size 0 bytes, startup_stm32f072.o(.text))
<BR>[Address Reference Count : 1]<UL><LI> startup_stm32f072.o(RESET)
</UL>
<P><STRONG><a name="[1a]"></a>TIM15_IRQHandler</STRONG> (Thumb, 0 bytes, Stack size 0 bytes, startup_stm32f072.o(.text))
<BR>[Address Reference Count : 1]<UL><LI> startup_stm32f072.o(RESET)
</UL>
<P><STRONG><a name="[1b]"></a>TIM16_IRQHandler</STRONG> (Thumb, 0 bytes, Stack size 0 bytes, startup_stm32f072.o(.text))
<BR>[Address Reference Count : 1]<UL><LI> startup_stm32f072.o(RESET)
</UL>
<P><STRONG><a name="[1c]"></a>TIM17_IRQHandler</STRONG> (Thumb, 0 bytes, Stack size 0 bytes, startup_stm32f072.o(.text))
<BR>[Address Reference Count : 1]<UL><LI> startup_stm32f072.o(RESET)
</UL>
<P><STRONG><a name="[13]"></a>TIM1_BRK_UP_TRG_COM_IRQHandler</STRONG> (Thumb, 0 bytes, Stack size 0 bytes, startup_stm32f072.o(.text))
<BR>[Address Reference Count : 1]<UL><LI> startup_stm32f072.o(RESET)
</UL>
<P><STRONG><a name="[14]"></a>TIM1_CC_IRQHandler</STRONG> (Thumb, 0 bytes, Stack size 0 bytes, startup_stm32f072.o(.text))
<BR>[Address Reference Count : 1]<UL><LI> startup_stm32f072.o(RESET)
</UL>
<P><STRONG><a name="[15]"></a>TIM2_IRQHandler</STRONG> (Thumb, 0 bytes, Stack size 0 bytes, startup_stm32f072.o(.text))
<BR>[Address Reference Count : 1]<UL><LI> startup_stm32f072.o(RESET)
</UL>
<P><STRONG><a name="[16]"></a>TIM3_IRQHandler</STRONG> (Thumb, 0 bytes, Stack size 0 bytes, startup_stm32f072.o(.text))
<BR>[Address Reference Count : 1]<UL><LI> startup_stm32f072.o(RESET)
</UL>
<P><STRONG><a name="[17]"></a>TIM6_DAC_IRQHandler</STRONG> (Thumb, 0 bytes, Stack size 0 bytes, startup_stm32f072.o(.text))
<BR>[Address Reference Count : 1]<UL><LI> startup_stm32f072.o(RESET)
</UL>
<P><STRONG><a name="[18]"></a>TIM7_IRQHandler</STRONG> (Thumb, 0 bytes, Stack size 0 bytes, startup_stm32f072.o(.text))
<BR>[Address Reference Count : 1]<UL><LI> startup_stm32f072.o(RESET)
</UL>
<P><STRONG><a name="[e]"></a>TSC_IRQHandler</STRONG> (Thumb, 0 bytes, Stack size 0 bytes, startup_stm32f072.o(.text))
<BR>[Address Reference Count : 1]<UL><LI> startup_stm32f072.o(RESET)
</UL>
<P><STRONG><a name="[21]"></a>USART1_IRQHandler</STRONG> (Thumb, 0 bytes, Stack size 0 bytes, startup_stm32f072.o(.text))
<BR>[Address Reference Count : 1]<UL><LI> startup_stm32f072.o(RESET)
</UL>
<P><STRONG><a name="[23]"></a>USART3_4_IRQHandler</STRONG> (Thumb, 0 bytes, Stack size 0 bytes, startup_stm32f072.o(.text))
<BR>[Address Reference Count : 1]<UL><LI> startup_stm32f072.o(RESET)
</UL>
<P><STRONG><a name="[25]"></a>USB_IRQHandler</STRONG> (Thumb, 0 bytes, Stack size 0 bytes, startup_stm32f072.o(.text))
<BR>[Address Reference Count : 1]<UL><LI> startup_stm32f072.o(RESET)
</UL>
<P><STRONG><a name="[6]"></a>WWDG_IRQHandler</STRONG> (Thumb, 0 bytes, Stack size 0 bytes, startup_stm32f072.o(.text))
<BR>[Address Reference Count : 1]<UL><LI> startup_stm32f072.o(RESET)
</UL>
<P><STRONG><a name="[6c]"></a>rt_hw_interrupt_disable</STRONG> (Thumb, 8 bytes, Stack size 0 bytes, context_rvds.o(.text))
<BR><BR>[Called By]<UL><LI><a href="#[5a]">&gt;&gt;</a>&nbsp;&nbsp;&nbsp;rt_hw_serial_isr
<LI><a href="#[57]">&gt;&gt;</a>&nbsp;&nbsp;&nbsp;rt_interrupt_leave
<LI><a href="#[55]">&gt;&gt;</a>&nbsp;&nbsp;&nbsp;rt_interrupt_enter
<LI><a href="#[c9]">&gt;&gt;</a>&nbsp;&nbsp;&nbsp;rt_system_heap_init
<LI><a href="#[26]">&gt;&gt;</a>&nbsp;&nbsp;&nbsp;main
<LI><a href="#[c7]">&gt;&gt;</a>&nbsp;&nbsp;&nbsp;rt_schedule_remove_thread
<LI><a href="#[c6]">&gt;&gt;</a>&nbsp;&nbsp;&nbsp;rt_schedule_insert_thread
<LI><a href="#[6b]">&gt;&gt;</a>&nbsp;&nbsp;&nbsp;_rt_scheduler_stack_check
<LI><a href="#[82]">&gt;&gt;</a>&nbsp;&nbsp;&nbsp;rt_calloc
<LI><a href="#[a5]">&gt;&gt;</a>&nbsp;&nbsp;&nbsp;rt_timer_start
<LI><a href="#[a3]">&gt;&gt;</a>&nbsp;&nbsp;&nbsp;rt_thread_suspend
<LI><a href="#[9e]">&gt;&gt;</a>&nbsp;&nbsp;&nbsp;rt_thread_resume
<LI><a href="#[9f]">&gt;&gt;</a>&nbsp;&nbsp;&nbsp;rt_schedule
<LI><a href="#[bd]">&gt;&gt;</a>&nbsp;&nbsp;&nbsp;rt_object_allocate
<LI><a href="#[87]">&gt;&gt;</a>&nbsp;&nbsp;&nbsp;rt_sem_take
<LI><a href="#[7c]">&gt;&gt;</a>&nbsp;&nbsp;&nbsp;rt_sem_release
<LI><a href="#[bf]">&gt;&gt;</a>&nbsp;&nbsp;&nbsp;rt_object_delete
<LI><a href="#[cf]">&gt;&gt;</a>&nbsp;&nbsp;&nbsp;rt_thread_idle_excute
<LI><a href="#[b0]">&gt;&gt;</a>&nbsp;&nbsp;&nbsp;rt_object_init
<LI><a href="#[c1]">&gt;&gt;</a>&nbsp;&nbsp;&nbsp;rt_object_detach
<LI><a href="#[9c]">&gt;&gt;</a>&nbsp;&nbsp;&nbsp;rt_malloc
<LI><a href="#[b3]">&gt;&gt;</a>&nbsp;&nbsp;&nbsp;rt_free
<LI><a href="#[96]">&gt;&gt;</a>&nbsp;&nbsp;&nbsp;rt_exit_critical
<LI><a href="#[95]">&gt;&gt;</a>&nbsp;&nbsp;&nbsp;rt_enter_critical
<LI><a href="#[d6]">&gt;&gt;</a>&nbsp;&nbsp;&nbsp;rt_timer_check
<LI><a href="#[d5]">&gt;&gt;</a>&nbsp;&nbsp;&nbsp;rt_thread_yield
<LI><a href="#[ad]">&gt;&gt;</a>&nbsp;&nbsp;&nbsp;rt_data_queue_push
<LI><a href="#[ab]">&gt;&gt;</a>&nbsp;&nbsp;&nbsp;rt_data_queue_pop
<LI><a href="#[aa]">&gt;&gt;</a>&nbsp;&nbsp;&nbsp;rt_data_queue_peak
<LI><a href="#[a1]">&gt;&gt;</a>&nbsp;&nbsp;&nbsp;rt_completion_wait
<LI><a href="#[a0]">&gt;&gt;</a>&nbsp;&nbsp;&nbsp;rt_completion_init
<LI><a href="#[9d]">&gt;&gt;</a>&nbsp;&nbsp;&nbsp;rt_completion_done
<LI><a href="#[32]">&gt;&gt;</a>&nbsp;&nbsp;&nbsp;rt_serial_write
<LI><a href="#[77]">&gt;&gt;</a>&nbsp;&nbsp;&nbsp;_serial_int_rx
<LI><a href="#[71]">&gt;&gt;</a>&nbsp;&nbsp;&nbsp;_serial_dma_rx
<LI><a href="#[d4]">&gt;&gt;</a>&nbsp;&nbsp;&nbsp;rt_timer_stop
<LI><a href="#[cd]">&gt;&gt;</a>&nbsp;&nbsp;&nbsp;rt_timer_detach
<LI><a href="#[cc]">&gt;&gt;</a>&nbsp;&nbsp;&nbsp;rt_thread_sleep
<LI><a href="#[29]">&gt;&gt;</a>&nbsp;&nbsp;&nbsp;rt_thread_exit
</UL>

<P><STRONG><a name="[73]"></a>rt_hw_interrupt_enable</STRONG> (Thumb, 6 bytes, Stack size 0 bytes, context_rvds.o(.text))
<BR><BR>[Called By]<UL><LI><a href="#[5a]">&gt;&gt;</a>&nbsp;&nbsp;&nbsp;rt_hw_serial_isr
<LI><a href="#[57]">&gt;&gt;</a>&nbsp;&nbsp;&nbsp;rt_interrupt_leave
<LI><a href="#[55]">&gt;&gt;</a>&nbsp;&nbsp;&nbsp;rt_interrupt_enter
<LI><a href="#[c9]">&gt;&gt;</a>&nbsp;&nbsp;&nbsp;rt_system_heap_init
<LI><a href="#[c7]">&gt;&gt;</a>&nbsp;&nbsp;&nbsp;rt_schedule_remove_thread
<LI><a href="#[c6]">&gt;&gt;</a>&nbsp;&nbsp;&nbsp;rt_schedule_insert_thread
<LI><a href="#[82]">&gt;&gt;</a>&nbsp;&nbsp;&nbsp;rt_calloc
<LI><a href="#[a5]">&gt;&gt;</a>&nbsp;&nbsp;&nbsp;rt_timer_start
<LI><a href="#[a3]">&gt;&gt;</a>&nbsp;&nbsp;&nbsp;rt_thread_suspend
<LI><a href="#[9e]">&gt;&gt;</a>&nbsp;&nbsp;&nbsp;rt_thread_resume
<LI><a href="#[9f]">&gt;&gt;</a>&nbsp;&nbsp;&nbsp;rt_schedule
<LI><a href="#[bd]">&gt;&gt;</a>&nbsp;&nbsp;&nbsp;rt_object_allocate
<LI><a href="#[87]">&gt;&gt;</a>&nbsp;&nbsp;&nbsp;rt_sem_take
<LI><a href="#[7c]">&gt;&gt;</a>&nbsp;&nbsp;&nbsp;rt_sem_release
<LI><a href="#[bf]">&gt;&gt;</a>&nbsp;&nbsp;&nbsp;rt_object_delete
<LI><a href="#[cf]">&gt;&gt;</a>&nbsp;&nbsp;&nbsp;rt_thread_idle_excute
<LI><a href="#[b0]">&gt;&gt;</a>&nbsp;&nbsp;&nbsp;rt_object_init
<LI><a href="#[c1]">&gt;&gt;</a>&nbsp;&nbsp;&nbsp;rt_object_detach
<LI><a href="#[9c]">&gt;&gt;</a>&nbsp;&nbsp;&nbsp;rt_malloc
<LI><a href="#[b3]">&gt;&gt;</a>&nbsp;&nbsp;&nbsp;rt_free
<LI><a href="#[96]">&gt;&gt;</a>&nbsp;&nbsp;&nbsp;rt_exit_critical
<LI><a href="#[95]">&gt;&gt;</a>&nbsp;&nbsp;&nbsp;rt_enter_critical
<LI><a href="#[d6]">&gt;&gt;</a>&nbsp;&nbsp;&nbsp;rt_timer_check
<LI><a href="#[d5]">&gt;&gt;</a>&nbsp;&nbsp;&nbsp;rt_thread_yield
<LI><a href="#[ad]">&gt;&gt;</a>&nbsp;&nbsp;&nbsp;rt_data_queue_push
<LI><a href="#[ab]">&gt;&gt;</a>&nbsp;&nbsp;&nbsp;rt_data_queue_pop
<LI><a href="#[aa]">&gt;&gt;</a>&nbsp;&nbsp;&nbsp;rt_data_queue_peak
<LI><a href="#[a1]">&gt;&gt;</a>&nbsp;&nbsp;&nbsp;rt_completion_wait
<LI><a href="#[a0]">&gt;&gt;</a>&nbsp;&nbsp;&nbsp;rt_completion_init
<LI><a href="#[9d]">&gt;&gt;</a>&nbsp;&nbsp;&nbsp;rt_completion_done
<LI><a href="#[32]">&gt;&gt;</a>&nbsp;&nbsp;&nbsp;rt_serial_write
<LI><a href="#[77]">&gt;&gt;</a>&nbsp;&nbsp;&nbsp;_serial_int_rx
<LI><a href="#[71]">&gt;&gt;</a>&nbsp;&nbsp;&nbsp;_serial_dma_rx
<LI><a href="#[d4]">&gt;&gt;</a>&nbsp;&nbsp;&nbsp;rt_timer_stop
<LI><a href="#[cd]">&gt;&gt;</a>&nbsp;&nbsp;&nbsp;rt_timer_detach
<LI><a href="#[cc]">&gt;&gt;</a>&nbsp;&nbsp;&nbsp;rt_thread_sleep
<LI><a href="#[29]">&gt;&gt;</a>&nbsp;&nbsp;&nbsp;rt_thread_exit
</UL>

<P><STRONG><a name="[c5]"></a>rt_hw_context_switch</STRONG> (Thumb, 28 bytes, Stack size 0 bytes, context_rvds.o(.text))
<BR><BR>[Called By]<UL><LI><a href="#[9f]">&gt;&gt;</a>&nbsp;&nbsp;&nbsp;rt_schedule
</UL>

<P><STRONG><a name="[c4]"></a>rt_hw_context_switch_interrupt</STRONG> (Thumb, 0 bytes, Stack size 0 bytes, context_rvds.o(.text))
<BR><BR>[Called By]<UL><LI><a href="#[9f]">&gt;&gt;</a>&nbsp;&nbsp;&nbsp;rt_schedule
</UL>

<P><STRONG><a name="[4]"></a>PendSV_Handler</STRONG> (Thumb, 84 bytes, Stack size 0 bytes, context_rvds.o(.text))
<BR>[Address Reference Count : 1]<UL><LI> startup_stm32f072.o(RESET)
</UL>
<P><STRONG><a name="[cb]"></a>rt_hw_context_switch_to</STRONG> (Thumb, 44 bytes, Stack size 0 bytes, context_rvds.o(.text))
<BR><BR>[Called By]<UL><LI><a href="#[ca]">&gt;&gt;</a>&nbsp;&nbsp;&nbsp;rt_system_scheduler_start
</UL>

<P><STRONG><a name="[e8]"></a>rt_hw_interrupt_thread_switch</STRONG> (Thumb, 2 bytes, Stack size 0 bytes, context_rvds.o(.text), UNUSED)

<P><STRONG><a name="[2]"></a>HardFault_Handler</STRONG> (Thumb, 12 bytes, Stack size 0 bytes, context_rvds.o(.text))
<BR><BR>[Stack]<UL><LI>Max Depth = 292<LI>Call Chain = HardFault_Handler &rArr; rt_hw_hard_fault_exception &rArr; list_thread &rArr; _list_thread &rArr; object_name_maxlen &rArr; rt_exit_critical &rArr; rt_schedule &rArr; _rt_scheduler_stack_check &rArr;  list_thread (Cycle)
</UL>
<BR>[Calls]<UL><LI><a href="#[49]">&gt;&gt;</a>&nbsp;&nbsp;&nbsp;rt_hw_hard_fault_exception
</UL>
<BR>[Address Reference Count : 1]<UL><LI> startup_stm32f072.o(RESET)
</UL>
<P><STRONG><a name="[e9]"></a>__aeabi_uidiv</STRONG> (Thumb, 0 bytes, Stack size 12 bytes, uidiv.o(.text), UNUSED)

<P><STRONG><a name="[54]"></a>__aeabi_uidivmod</STRONG> (Thumb, 44 bytes, Stack size 12 bytes, uidiv.o(.text))
<BR><BR>[Stack]<UL><LI>Max Depth = 12<LI>Call Chain = __aeabi_uidivmod
</UL>
<BR>[Called By]<UL><LI><a href="#[5c]">&gt;&gt;</a>&nbsp;&nbsp;&nbsp;USART_Init
<LI><a href="#[53]">&gt;&gt;</a>&nbsp;&nbsp;&nbsp;RCC_GetClocksFreq
<LI><a href="#[b4]">&gt;&gt;</a>&nbsp;&nbsp;&nbsp;rt_hw_board_init
<LI><a href="#[98]">&gt;&gt;</a>&nbsp;&nbsp;&nbsp;print_number
<LI><a href="#[63]">&gt;&gt;</a>&nbsp;&nbsp;&nbsp;_list_thread
<LI><a href="#[ad]">&gt;&gt;</a>&nbsp;&nbsp;&nbsp;rt_data_queue_push
<LI><a href="#[ab]">&gt;&gt;</a>&nbsp;&nbsp;&nbsp;rt_data_queue_pop
<LI><a href="#[aa]">&gt;&gt;</a>&nbsp;&nbsp;&nbsp;rt_data_queue_peak
<LI><a href="#[b2]">&gt;&gt;</a>&nbsp;&nbsp;&nbsp;rt_dma_recv_update_put_index
<LI><a href="#[76]">&gt;&gt;</a>&nbsp;&nbsp;&nbsp;rt_dma_recv_update_get_index
</UL>

<P><STRONG><a name="[4b]"></a>__aeabi_memset</STRONG> (Thumb, 14 bytes, Stack size 0 bytes, memseta.o(.text))
<BR><BR>[Called By]<UL><LI><a href="#[4c]">&gt;&gt;</a>&nbsp;&nbsp;&nbsp;_memset$wrapper
<LI><a href="#[4a]">&gt;&gt;</a>&nbsp;&nbsp;&nbsp;__aeabi_memclr
</UL>

<P><STRONG><a name="[ea]"></a>__aeabi_memset4</STRONG> (Thumb, 0 bytes, Stack size 0 bytes, memseta.o(.text), UNUSED)

<P><STRONG><a name="[eb]"></a>__aeabi_memset8</STRONG> (Thumb, 0 bytes, Stack size 0 bytes, memseta.o(.text), UNUSED)

<P><STRONG><a name="[4a]"></a>__aeabi_memclr</STRONG> (Thumb, 4 bytes, Stack size 0 bytes, memseta.o(.text))
<BR><BR>[Calls]<UL><LI><a href="#[4b]">&gt;&gt;</a>&nbsp;&nbsp;&nbsp;__aeabi_memset
</UL>
<BR>[Called By]<UL><LI><a href="#[7d]">&gt;&gt;</a>&nbsp;&nbsp;&nbsp;finsh_set_device
<LI><a href="#[2c]">&gt;&gt;</a>&nbsp;&nbsp;&nbsp;finsh_thread_entry
</UL>

<P><STRONG><a name="[69]"></a>__aeabi_memclr4</STRONG> (Thumb, 0 bytes, Stack size 0 bytes, memseta.o(.text))
<BR><BR>[Called By]<UL><LI><a href="#[66]">&gt;&gt;</a>&nbsp;&nbsp;&nbsp;_msh_exec_cmd
</UL>

<P><STRONG><a name="[ec]"></a>__aeabi_memclr8</STRONG> (Thumb, 0 bytes, Stack size 0 bytes, memseta.o(.text), UNUSED)

<P><STRONG><a name="[4c]"></a>_memset$wrapper</STRONG> (Thumb, 18 bytes, Stack size 8 bytes, memseta.o(.text), UNUSED)
<BR><BR>[Calls]<UL><LI><a href="#[4b]">&gt;&gt;</a>&nbsp;&nbsp;&nbsp;__aeabi_memset
</UL>

<P><STRONG><a name="[7b]"></a>strcat</STRONG> (Thumb, 24 bytes, Stack size 0 bytes, strcat.o(.text))
<BR><BR>[Called By]<UL><LI><a href="#[78]">&gt;&gt;</a>&nbsp;&nbsp;&nbsp;finsh_get_prompt
</UL>

<P><STRONG><a name="[8b]"></a>strlen</STRONG> (Thumb, 14 bytes, Stack size 0 bytes, strlen.o(.text))
<BR><BR>[Called By]<UL><LI><a href="#[8a]">&gt;&gt;</a>&nbsp;&nbsp;&nbsp;msh_auto_complete
<LI><a href="#[2c]">&gt;&gt;</a>&nbsp;&nbsp;&nbsp;finsh_thread_entry
</UL>

<P><STRONG><a name="[7a]"></a>strcpy</STRONG> (Thumb, 18 bytes, Stack size 0 bytes, strcpy.o(.text))
<BR><BR>[Called By]<UL><LI><a href="#[78]">&gt;&gt;</a>&nbsp;&nbsp;&nbsp;finsh_get_prompt
</UL>

<P><STRONG><a name="[68]"></a>strncmp</STRONG> (Thumb, 30 bytes, Stack size 12 bytes, strncmp.o(.text))
<BR><BR>[Stack]<UL><LI>Max Depth = 12<LI>Call Chain = strncmp
</UL>
<BR>[Called By]<UL><LI><a href="#[42]">&gt;&gt;</a>&nbsp;&nbsp;&nbsp;list
<LI><a href="#[92]">&gt;&gt;</a>&nbsp;&nbsp;&nbsp;msh_help
<LI><a href="#[66]">&gt;&gt;</a>&nbsp;&nbsp;&nbsp;_msh_exec_cmd
<LI><a href="#[8a]">&gt;&gt;</a>&nbsp;&nbsp;&nbsp;msh_auto_complete
</UL>

<P><STRONG><a name="[48]"></a>__scatterload</STRONG> (Thumb, 28 bytes, Stack size 0 bytes, init.o(.text))
<BR><BR>[Calls]<UL><LI><a href="#[4d]">&gt;&gt;</a>&nbsp;&nbsp;&nbsp;__main_after_scatterload
</UL>
<BR>[Called By]<UL><LI><a href="#[47]">&gt;&gt;</a>&nbsp;&nbsp;&nbsp;_main_scatterload
</UL>

<P><STRONG><a name="[ed]"></a>__scatterload_rt2</STRONG> (Thumb, 0 bytes, Stack size 0 bytes, init.o(.text), UNUSED)

<P><STRONG><a name="[50]"></a>GPIO_Init</STRONG> (Thumb, 112 bytes, Stack size 20 bytes, stm32f0xx_gpio.o(i.GPIO_Init))
<BR><BR>[Stack]<UL><LI>Max Depth = 20<LI>Call Chain = GPIO_Init
</UL>
<BR>[Called By]<UL><LI><a href="#[b5]">&gt;&gt;</a>&nbsp;&nbsp;&nbsp;rt_hw_usart_init
<LI><a href="#[4e]">&gt;&gt;</a>&nbsp;&nbsp;&nbsp;OutputMCO
<LI><a href="#[3d]">&gt;&gt;</a>&nbsp;&nbsp;&nbsp;rt_hw_led_init
</UL>

<P><STRONG><a name="[51]"></a>GPIO_PinAFConfig</STRONG> (Thumb, 32 bytes, Stack size 8 bytes, stm32f0xx_gpio.o(i.GPIO_PinAFConfig))
<BR><BR>[Stack]<UL><LI>Max Depth = 8<LI>Call Chain = GPIO_PinAFConfig
</UL>
<BR>[Called By]<UL><LI><a href="#[b5]">&gt;&gt;</a>&nbsp;&nbsp;&nbsp;rt_hw_usart_init
<LI><a href="#[4e]">&gt;&gt;</a>&nbsp;&nbsp;&nbsp;OutputMCO
</UL>

<P><STRONG><a name="[8f]"></a>GPIO_ResetBits</STRONG> (Thumb, 4 bytes, Stack size 0 bytes, stm32f0xx_gpio.o(i.GPIO_ResetBits))
<BR><BR>[Called By]<UL><LI><a href="#[34]">&gt;&gt;</a>&nbsp;&nbsp;&nbsp;led_thread_entry
</UL>

<P><STRONG><a name="[8d]"></a>GPIO_SetBits</STRONG> (Thumb, 4 bytes, Stack size 0 bytes, stm32f0xx_gpio.o(i.GPIO_SetBits))
<BR><BR>[Called By]<UL><LI><a href="#[34]">&gt;&gt;</a>&nbsp;&nbsp;&nbsp;led_thread_entry
</UL>

<P><STRONG><a name="[1]"></a>NMI_Handler</STRONG> (Thumb, 2 bytes, Stack size 0 bytes, stm32f0xx_it.o(i.NMI_Handler))
<BR>[Address Reference Count : 1]<UL><LI> startup_stm32f072.o(RESET)
</UL>
<P><STRONG><a name="[b8]"></a>NVIC_Init</STRONG> (Thumb, 70 bytes, Stack size 12 bytes, stm32f0xx_misc.o(i.NVIC_Init))
<BR><BR>[Stack]<UL><LI>Max Depth = 12<LI>Call Chain = NVIC_Init
</UL>
<BR>[Called By]<UL><LI><a href="#[b5]">&gt;&gt;</a>&nbsp;&nbsp;&nbsp;rt_hw_usart_init
</UL>

<P><STRONG><a name="[4e]"></a>OutputMCO</STRONG> (Thumb, 64 bytes, Stack size 16 bytes, board.o(i.OutputMCO))
<BR><BR>[Stack]<UL><LI>Max Depth = 36<LI>Call Chain = OutputMCO &rArr; GPIO_Init
</UL>
<BR>[Calls]<UL><LI><a href="#[52]">&gt;&gt;</a>&nbsp;&nbsp;&nbsp;RCC_MCOConfig
<LI><a href="#[4f]">&gt;&gt;</a>&nbsp;&nbsp;&nbsp;RCC_AHBPeriphClockCmd
<LI><a href="#[51]">&gt;&gt;</a>&nbsp;&nbsp;&nbsp;GPIO_PinAFConfig
<LI><a href="#[50]">&gt;&gt;</a>&nbsp;&nbsp;&nbsp;GPIO_Init
</UL>
<BR>[Called By]<UL><LI><a href="#[b4]">&gt;&gt;</a>&nbsp;&nbsp;&nbsp;rt_hw_board_init
</UL>

<P><STRONG><a name="[4f]"></a>RCC_AHBPeriphClockCmd</STRONG> (Thumb, 18 bytes, Stack size 0 bytes, stm32f0xx_rcc.o(i.RCC_AHBPeriphClockCmd))
<BR><BR>[Called By]<UL><LI><a href="#[b5]">&gt;&gt;</a>&nbsp;&nbsp;&nbsp;rt_hw_usart_init
<LI><a href="#[4e]">&gt;&gt;</a>&nbsp;&nbsp;&nbsp;OutputMCO
<LI><a href="#[3d]">&gt;&gt;</a>&nbsp;&nbsp;&nbsp;rt_hw_led_init
</UL>

<P><STRONG><a name="[b7]"></a>RCC_APB1PeriphClockCmd</STRONG> (Thumb, 18 bytes, Stack size 0 bytes, stm32f0xx_rcc.o(i.RCC_APB1PeriphClockCmd))
<BR><BR>[Called By]<UL><LI><a href="#[b5]">&gt;&gt;</a>&nbsp;&nbsp;&nbsp;rt_hw_usart_init
</UL>

<P><STRONG><a name="[53]"></a>RCC_GetClocksFreq</STRONG> (Thumb, 346 bytes, Stack size 24 bytes, stm32f0xx_rcc.o(i.RCC_GetClocksFreq))
<BR><BR>[Stack]<UL><LI>Max Depth = 36<LI>Call Chain = RCC_GetClocksFreq &rArr; __aeabi_uidivmod
</UL>
<BR>[Calls]<UL><LI><a href="#[54]">&gt;&gt;</a>&nbsp;&nbsp;&nbsp;__aeabi_uidivmod
</UL>
<BR>[Called By]<UL><LI><a href="#[5c]">&gt;&gt;</a>&nbsp;&nbsp;&nbsp;USART_Init
<LI><a href="#[99]">&gt;&gt;</a>&nbsp;&nbsp;&nbsp;print_rcc_freq_info
</UL>

<P><STRONG><a name="[52]"></a>RCC_MCOConfig</STRONG> (Thumb, 18 bytes, Stack size 0 bytes, stm32f0xx_rcc.o(i.RCC_MCOConfig))
<BR><BR>[Called By]<UL><LI><a href="#[4e]">&gt;&gt;</a>&nbsp;&nbsp;&nbsp;OutputMCO
</UL>

<P><STRONG><a name="[3]"></a>SVC_Handler</STRONG> (Thumb, 2 bytes, Stack size 0 bytes, stm32f0xx_it.o(i.SVC_Handler))
<BR>[Address Reference Count : 1]<UL><LI> startup_stm32f072.o(RESET)
</UL>
<P><STRONG><a name="[5]"></a>SysTick_Handler</STRONG> (Thumb, 16 bytes, Stack size 8 bytes, board.o(i.SysTick_Handler))
<BR><BR>[Stack]<UL><LI>Max Depth = 236<LI>Call Chain = SysTick_Handler &rArr; rt_tick_increase &rArr; rt_thread_yield &rArr; rt_schedule &rArr; _rt_scheduler_stack_check &rArr;  list_thread (Cycle)
</UL>
<BR>[Calls]<UL><LI><a href="#[56]">&gt;&gt;</a>&nbsp;&nbsp;&nbsp;rt_tick_increase
<LI><a href="#[57]">&gt;&gt;</a>&nbsp;&nbsp;&nbsp;rt_interrupt_leave
<LI><a href="#[55]">&gt;&gt;</a>&nbsp;&nbsp;&nbsp;rt_interrupt_enter
</UL>
<BR>[Address Reference Count : 1]<UL><LI> startup_stm32f072.o(RESET)
</UL>
<P><STRONG><a name="[27]"></a>SystemInit</STRONG> (Thumb, 84 bytes, Stack size 8 bytes, system_stm32f0xx.o(i.SystemInit))
<BR><BR>[Stack]<UL><LI>Max Depth = 8<LI>Call Chain = SystemInit
</UL>
<BR>[Calls]<UL><LI><a href="#[58]">&gt;&gt;</a>&nbsp;&nbsp;&nbsp;SetSysClock
</UL>
<BR>[Address Reference Count : 1]<UL><LI> startup_stm32f072.o(.text)
</UL>
<P><STRONG><a name="[22]"></a>USART2_IRQHandler</STRONG> (Thumb, 56 bytes, Stack size 16 bytes, usart.o(i.USART2_IRQHandler))
<BR><BR>[Stack]<UL><LI>Max Depth = 292<LI>Call Chain = USART2_IRQHandler &rArr; rt_hw_serial_isr &rArr; rt_data_queue_pop &rArr; rt_schedule &rArr; _rt_scheduler_stack_check &rArr;  list_thread (Cycle)
</UL>
<BR>[Calls]<UL><LI><a href="#[5a]">&gt;&gt;</a>&nbsp;&nbsp;&nbsp;rt_hw_serial_isr
<LI><a href="#[59]">&gt;&gt;</a>&nbsp;&nbsp;&nbsp;USART_GetITStatus
<LI><a href="#[5b]">&gt;&gt;</a>&nbsp;&nbsp;&nbsp;USART_ClearITPendingBit
<LI><a href="#[57]">&gt;&gt;</a>&nbsp;&nbsp;&nbsp;rt_interrupt_leave
<LI><a href="#[55]">&gt;&gt;</a>&nbsp;&nbsp;&nbsp;rt_interrupt_enter
</UL>
<BR>[Address Reference Count : 1]<UL><LI> startup_stm32f072.o(RESET)
</UL>
<P><STRONG><a name="[5b]"></a>USART_ClearITPendingBit</STRONG> (Thumb, 10 bytes, Stack size 0 bytes, stm32f0xx_usart.o(i.USART_ClearITPendingBit))
<BR><BR>[Called By]<UL><LI><a href="#[22]">&gt;&gt;</a>&nbsp;&nbsp;&nbsp;USART2_IRQHandler
</UL>

<P><STRONG><a name="[e0]"></a>USART_Cmd</STRONG> (Thumb, 20 bytes, Stack size 0 bytes, stm32f0xx_usart.o(i.USART_Cmd))
<BR><BR>[Called By]<UL><LI><a href="#[36]">&gt;&gt;</a>&nbsp;&nbsp;&nbsp;stm32_configure
</UL>

<P><STRONG><a name="[59]"></a>USART_GetITStatus</STRONG> (Thumb, 56 bytes, Stack size 12 bytes, stm32f0xx_usart.o(i.USART_GetITStatus))
<BR><BR>[Stack]<UL><LI>Max Depth = 12<LI>Call Chain = USART_GetITStatus
</UL>
<BR>[Called By]<UL><LI><a href="#[22]">&gt;&gt;</a>&nbsp;&nbsp;&nbsp;USART2_IRQHandler
</UL>

<P><STRONG><a name="[e1]"></a>USART_ITConfig</STRONG> (Thumb, 42 bytes, Stack size 8 bytes, stm32f0xx_usart.o(i.USART_ITConfig))
<BR><BR>[Stack]<UL><LI>Max Depth = 8<LI>Call Chain = USART_ITConfig
</UL>
<BR>[Called By]<UL><LI><a href="#[36]">&gt;&gt;</a>&nbsp;&nbsp;&nbsp;stm32_configure
</UL>

<P><STRONG><a name="[5c]"></a>USART_Init</STRONG> (Thumb, 148 bytes, Stack size 56 bytes, stm32f0xx_usart.o(i.USART_Init))
<BR><BR>[Stack]<UL><LI>Max Depth = 92<LI>Call Chain = USART_Init &rArr; RCC_GetClocksFreq &rArr; __aeabi_uidivmod
</UL>
<BR>[Calls]<UL><LI><a href="#[53]">&gt;&gt;</a>&nbsp;&nbsp;&nbsp;RCC_GetClocksFreq
<LI><a href="#[54]">&gt;&gt;</a>&nbsp;&nbsp;&nbsp;__aeabi_uidivmod
</UL>
<BR>[Called By]<UL><LI><a href="#[36]">&gt;&gt;</a>&nbsp;&nbsp;&nbsp;stm32_configure
</UL>

<P><STRONG><a name="[c3]"></a>__rt_ffs</STRONG> (Thumb, 60 bytes, Stack size 0 bytes, kservice.o(i.__rt_ffs))
<BR><BR>[Called By]<UL><LI><a href="#[ca]">&gt;&gt;</a>&nbsp;&nbsp;&nbsp;rt_system_scheduler_start
<LI><a href="#[9f]">&gt;&gt;</a>&nbsp;&nbsp;&nbsp;rt_schedule
</UL>

<P><STRONG><a name="[ee]"></a>__scatterload_copy</STRONG> (Thumb, 14 bytes, Stack size unknown bytes, handlers.o(i.__scatterload_copy), UNUSED)

<P><STRONG><a name="[ef]"></a>__scatterload_null</STRONG> (Thumb, 2 bytes, Stack size unknown bytes, handlers.o(i.__scatterload_null), UNUSED)

<P><STRONG><a name="[f0]"></a>__scatterload_zeroinit</STRONG> (Thumb, 14 bytes, Stack size unknown bytes, handlers.o(i.__scatterload_zeroinit), UNUSED)

<P><STRONG><a name="[78]"></a>finsh_get_prompt</STRONG> (Thumb, 34 bytes, Stack size 8 bytes, shell.o(i.finsh_get_prompt))
<BR><BR>[Stack]<UL><LI>Max Depth = 8<LI>Call Chain = finsh_get_prompt
</UL>
<BR>[Calls]<UL><LI><a href="#[7a]">&gt;&gt;</a>&nbsp;&nbsp;&nbsp;strcpy
<LI><a href="#[7b]">&gt;&gt;</a>&nbsp;&nbsp;&nbsp;strcat
<LI><a href="#[79]">&gt;&gt;</a>&nbsp;&nbsp;&nbsp;msh_is_used
</UL>
<BR>[Called By]<UL><LI><a href="#[2c]">&gt;&gt;</a>&nbsp;&nbsp;&nbsp;finsh_thread_entry
</UL>

<P><STRONG><a name="[7d]"></a>finsh_set_device</STRONG> (Thumb, 120 bytes, Stack size 16 bytes, shell.o(i.finsh_set_device))
<BR><BR>[Stack]<UL><LI>Max Depth = 252<LI>Call Chain = finsh_set_device &rArr; rt_device_find &rArr; rt_exit_critical &rArr; rt_schedule &rArr; _rt_scheduler_stack_check &rArr;  list_thread (Cycle)
</UL>
<BR>[Calls]<UL><LI><a href="#[67]">&gt;&gt;</a>&nbsp;&nbsp;&nbsp;rt_assert_handler
<LI><a href="#[5f]">&gt;&gt;</a>&nbsp;&nbsp;&nbsp;rt_kprintf
<LI><a href="#[81]">&gt;&gt;</a>&nbsp;&nbsp;&nbsp;rt_device_set_rx_indicate
<LI><a href="#[7f]">&gt;&gt;</a>&nbsp;&nbsp;&nbsp;rt_device_open
<LI><a href="#[7e]">&gt;&gt;</a>&nbsp;&nbsp;&nbsp;rt_device_find
<LI><a href="#[80]">&gt;&gt;</a>&nbsp;&nbsp;&nbsp;rt_device_close
<LI><a href="#[4a]">&gt;&gt;</a>&nbsp;&nbsp;&nbsp;__aeabi_memclr
</UL>
<BR>[Called By]<UL><LI><a href="#[2d]">&gt;&gt;</a>&nbsp;&nbsp;&nbsp;rt_init_thread_entry
<LI><a href="#[2c]">&gt;&gt;</a>&nbsp;&nbsp;&nbsp;finsh_thread_entry
</UL>

<P><STRONG><a name="[3e]"></a>finsh_system_init</STRONG> (Thumb, 80 bytes, Stack size 24 bytes, shell.o(i.finsh_system_init))
<BR><BR>[Stack]<UL><LI>Max Depth = 364<LI>Call Chain = finsh_system_init &rArr; rt_thread_create &rArr; rt_object_allocate &rArr; rt_malloc &rArr; rt_sem_take &rArr; rt_schedule &rArr; _rt_scheduler_stack_check &rArr;  list_thread (Cycle)
</UL>
<BR>[Calls]<UL><LI><a href="#[5f]">&gt;&gt;</a>&nbsp;&nbsp;&nbsp;rt_kprintf
<LI><a href="#[85]">&gt;&gt;</a>&nbsp;&nbsp;&nbsp;rt_thread_startup
<LI><a href="#[83]">&gt;&gt;</a>&nbsp;&nbsp;&nbsp;rt_thread_create
<LI><a href="#[82]">&gt;&gt;</a>&nbsp;&nbsp;&nbsp;rt_calloc
<LI><a href="#[84]">&gt;&gt;</a>&nbsp;&nbsp;&nbsp;rt_sem_init
</UL>
<BR>[Address Reference Count : 1]<UL><LI> shell.o(.rti_fn.6)
</UL>
<P><STRONG><a name="[2c]"></a>finsh_thread_entry</STRONG> (Thumb, 662 bytes, Stack size 8 bytes, shell.o(i.finsh_thread_entry))
<BR><BR>[Stack]<UL><LI>Max Depth = 300<LI>Call Chain = finsh_thread_entry &rArr; msh_exec &rArr; _msh_exec_cmd &rArr; msh_split &rArr; rt_kprintf &rArr; rt_vsnprintf &rArr; print_number &rArr; __aeabi_uidivmod
</UL>
<BR>[Calls]<UL><LI><a href="#[67]">&gt;&gt;</a>&nbsp;&nbsp;&nbsp;rt_assert_handler
<LI><a href="#[5f]">&gt;&gt;</a>&nbsp;&nbsp;&nbsp;rt_kprintf
<LI><a href="#[7d]">&gt;&gt;</a>&nbsp;&nbsp;&nbsp;finsh_set_device
<LI><a href="#[89]">&gt;&gt;</a>&nbsp;&nbsp;&nbsp;rt_memmove
<LI><a href="#[86]">&gt;&gt;</a>&nbsp;&nbsp;&nbsp;rt_console_get_device
<LI><a href="#[87]">&gt;&gt;</a>&nbsp;&nbsp;&nbsp;rt_sem_take
<LI><a href="#[88]">&gt;&gt;</a>&nbsp;&nbsp;&nbsp;rt_device_read
<LI><a href="#[8b]">&gt;&gt;</a>&nbsp;&nbsp;&nbsp;strlen
<LI><a href="#[4a]">&gt;&gt;</a>&nbsp;&nbsp;&nbsp;__aeabi_memclr
<LI><a href="#[79]">&gt;&gt;</a>&nbsp;&nbsp;&nbsp;msh_is_used
<LI><a href="#[8c]">&gt;&gt;</a>&nbsp;&nbsp;&nbsp;msh_exec
<LI><a href="#[8a]">&gt;&gt;</a>&nbsp;&nbsp;&nbsp;msh_auto_complete
<LI><a href="#[78]">&gt;&gt;</a>&nbsp;&nbsp;&nbsp;finsh_get_prompt
</UL>
<BR>[Address Reference Count : 1]<UL><LI> shell.o(i.finsh_system_init)
</UL>
<P><STRONG><a name="[40]"></a>hello</STRONG> (Thumb, 12 bytes, Stack size 8 bytes, cmd.o(i.hello))
<BR><BR>[Stack]<UL><LI>Max Depth = 180<LI>Call Chain = hello &rArr; rt_kprintf &rArr; rt_vsnprintf &rArr; print_number &rArr; __aeabi_uidivmod
</UL>
<BR>[Calls]<UL><LI><a href="#[5f]">&gt;&gt;</a>&nbsp;&nbsp;&nbsp;rt_kprintf
</UL>
<BR>[Address Reference Count : 1]<UL><LI> symbol.o(.data)
</UL>
<P><STRONG><a name="[42]"></a>list</STRONG> (Thumb, 50 bytes, Stack size 16 bytes, cmd.o(i.list))
<BR><BR>[Stack]<UL><LI>Max Depth = 188<LI>Call Chain = list &rArr; rt_kprintf &rArr; rt_vsnprintf &rArr; print_number &rArr; __aeabi_uidivmod
</UL>
<BR>[Calls]<UL><LI><a href="#[5f]">&gt;&gt;</a>&nbsp;&nbsp;&nbsp;rt_kprintf
<LI><a href="#[68]">&gt;&gt;</a>&nbsp;&nbsp;&nbsp;strncmp
</UL>
<BR>[Address Reference Count : 1]<UL><LI> symbol.o(.data)
</UL>
<P><STRONG><a name="[45]"></a>list_mutex</STRONG> (Thumb, 16 bytes, Stack size 8 bytes, cmd.o(i.list_mutex))
<BR><BR>[Stack]<UL><LI>Max Depth = 276<LI>Call Chain = list_mutex &rArr; _list_mutex &rArr; object_name_maxlen &rArr; rt_exit_critical &rArr; rt_schedule &rArr; _rt_scheduler_stack_check &rArr;  list_thread (Cycle)
</UL>
<BR>[Calls]<UL><LI><a href="#[90]">&gt;&gt;</a>&nbsp;&nbsp;&nbsp;rt_object_get_information
<LI><a href="#[5d]">&gt;&gt;</a>&nbsp;&nbsp;&nbsp;_list_mutex
</UL>
<BR>[Address Reference Count : 1]<UL><LI> symbol.o(.data)
</UL>
<P><STRONG><a name="[44]"></a>list_sem</STRONG> (Thumb, 16 bytes, Stack size 8 bytes, cmd.o(i.list_sem))
<BR><BR>[Stack]<UL><LI>Max Depth = 268<LI>Call Chain = list_sem &rArr; _list_sem &rArr; object_name_maxlen &rArr; rt_exit_critical &rArr; rt_schedule &rArr; _rt_scheduler_stack_check &rArr;  list_thread (Cycle)
</UL>
<BR>[Calls]<UL><LI><a href="#[90]">&gt;&gt;</a>&nbsp;&nbsp;&nbsp;rt_object_get_information
<LI><a href="#[62]">&gt;&gt;</a>&nbsp;&nbsp;&nbsp;_list_sem
</UL>
<BR>[Address Reference Count : 1]<UL><LI> symbol.o(.data)
</UL>
<P><STRONG><a name="[43]"></a>list_thread</STRONG> (Thumb, 16 bytes, Stack size 8 bytes, cmd.o(i.list_thread))
<BR><BR>[Stack]<UL><LI>Max Depth = 292<LI>Call Chain = list_thread &rArr; _list_thread &rArr; object_name_maxlen &rArr; rt_exit_critical &rArr; rt_schedule &rArr; _rt_scheduler_stack_check &rArr;  list_thread (Cycle)
</UL>
<BR>[Calls]<UL><LI><a href="#[90]">&gt;&gt;</a>&nbsp;&nbsp;&nbsp;rt_object_get_information
<LI><a href="#[63]">&gt;&gt;</a>&nbsp;&nbsp;&nbsp;_list_thread
</UL>
<BR>[Called By]<UL><LI><a href="#[6b]">&gt;&gt;</a>&nbsp;&nbsp;&nbsp;_rt_scheduler_stack_check
<LI><a href="#[49]">&gt;&gt;</a>&nbsp;&nbsp;&nbsp;rt_hw_hard_fault_exception
</UL>
<BR>[Address Reference Count : 1]<UL><LI> symbol.o(.data)
</UL>
<P><STRONG><a name="[46]"></a>list_timer</STRONG> (Thumb, 16 bytes, Stack size 8 bytes, cmd.o(i.list_timer))
<BR><BR>[Stack]<UL><LI>Max Depth = 268<LI>Call Chain = list_timer &rArr; _list_timer &rArr; object_name_maxlen &rArr; rt_exit_critical &rArr; rt_schedule &rArr; _rt_scheduler_stack_check &rArr;  list_thread (Cycle)
</UL>
<BR>[Calls]<UL><LI><a href="#[90]">&gt;&gt;</a>&nbsp;&nbsp;&nbsp;rt_object_get_information
<LI><a href="#[64]">&gt;&gt;</a>&nbsp;&nbsp;&nbsp;_list_timer
</UL>
<BR>[Address Reference Count : 1]<UL><LI> symbol.o(.data)
</UL>
<P><STRONG><a name="[26]"></a>main</STRONG> (Thumb, 14 bytes, Stack size 8 bytes, startup.o(i.main))
<BR><BR>[Stack]<UL><LI>Max Depth = 372<LI>Call Chain = main &rArr; rtthread_startup &rArr; rt_application_init &rArr; rt_thread_create &rArr; rt_object_allocate &rArr; rt_malloc &rArr; rt_sem_take &rArr; rt_schedule &rArr; _rt_scheduler_stack_check &rArr;  list_thread (Cycle)
</UL>
<BR>[Calls]<UL><LI><a href="#[6c]">&gt;&gt;</a>&nbsp;&nbsp;&nbsp;rt_hw_interrupt_disable
<LI><a href="#[91]">&gt;&gt;</a>&nbsp;&nbsp;&nbsp;rtthread_startup
</UL>
<BR>[Address Reference Count : 1]<UL><LI> entry9a.o(.ARM.Collect$$$$0000000B)
</UL>
<P><STRONG><a name="[8a]"></a>msh_auto_complete</STRONG> (Thumb, 154 bytes, Stack size 32 bytes, msh.o(i.msh_auto_complete))
<BR><BR>[Stack]<UL><LI>Max Depth = 220<LI>Call Chain = msh_auto_complete &rArr; msh_help &rArr; rt_kprintf &rArr; rt_vsnprintf &rArr; print_number &rArr; __aeabi_uidivmod
</UL>
<BR>[Calls]<UL><LI><a href="#[5f]">&gt;&gt;</a>&nbsp;&nbsp;&nbsp;rt_kprintf
<LI><a href="#[93]">&gt;&gt;</a>&nbsp;&nbsp;&nbsp;rt_strncpy
<LI><a href="#[68]">&gt;&gt;</a>&nbsp;&nbsp;&nbsp;strncmp
<LI><a href="#[8b]">&gt;&gt;</a>&nbsp;&nbsp;&nbsp;strlen
<LI><a href="#[92]">&gt;&gt;</a>&nbsp;&nbsp;&nbsp;msh_help
</UL>
<BR>[Called By]<UL><LI><a href="#[2c]">&gt;&gt;</a>&nbsp;&nbsp;&nbsp;finsh_thread_entry
</UL>

<P><STRONG><a name="[8c]"></a>msh_exec</STRONG> (Thumb, 78 bytes, Stack size 16 bytes, msh.o(i.msh_exec))
<BR><BR>[Stack]<UL><LI>Max Depth = 292<LI>Call Chain = msh_exec &rArr; _msh_exec_cmd &rArr; msh_split &rArr; rt_kprintf &rArr; rt_vsnprintf &rArr; print_number &rArr; __aeabi_uidivmod
</UL>
<BR>[Calls]<UL><LI><a href="#[5f]">&gt;&gt;</a>&nbsp;&nbsp;&nbsp;rt_kprintf
<LI><a href="#[66]">&gt;&gt;</a>&nbsp;&nbsp;&nbsp;_msh_exec_cmd
</UL>
<BR>[Called By]<UL><LI><a href="#[2c]">&gt;&gt;</a>&nbsp;&nbsp;&nbsp;finsh_thread_entry
</UL>

<P><STRONG><a name="[92]"></a>msh_help</STRONG> (Thumb, 58 bytes, Stack size 16 bytes, msh.o(i.msh_help))
<BR><BR>[Stack]<UL><LI>Max Depth = 188<LI>Call Chain = msh_help &rArr; rt_kprintf &rArr; rt_vsnprintf &rArr; print_number &rArr; __aeabi_uidivmod
</UL>
<BR>[Calls]<UL><LI><a href="#[5f]">&gt;&gt;</a>&nbsp;&nbsp;&nbsp;rt_kprintf
<LI><a href="#[68]">&gt;&gt;</a>&nbsp;&nbsp;&nbsp;strncmp
</UL>
<BR>[Called By]<UL><LI><a href="#[8a]">&gt;&gt;</a>&nbsp;&nbsp;&nbsp;msh_auto_complete
</UL>

<P><STRONG><a name="[79]"></a>msh_is_used</STRONG> (Thumb, 4 bytes, Stack size 0 bytes, msh.o(i.msh_is_used))
<BR><BR>[Called By]<UL><LI><a href="#[2c]">&gt;&gt;</a>&nbsp;&nbsp;&nbsp;finsh_thread_entry
<LI><a href="#[78]">&gt;&gt;</a>&nbsp;&nbsp;&nbsp;finsh_get_prompt
</UL>

<P><STRONG><a name="[99]"></a>print_rcc_freq_info</STRONG> (Thumb, 80 bytes, Stack size 48 bytes, board.o(i.print_rcc_freq_info))
<BR><BR>[Stack]<UL><LI>Max Depth = 220<LI>Call Chain = print_rcc_freq_info &rArr; rt_kprintf &rArr; rt_vsnprintf &rArr; print_number &rArr; __aeabi_uidivmod
</UL>
<BR>[Calls]<UL><LI><a href="#[53]">&gt;&gt;</a>&nbsp;&nbsp;&nbsp;RCC_GetClocksFreq
<LI><a href="#[5f]">&gt;&gt;</a>&nbsp;&nbsp;&nbsp;rt_kprintf
</UL>
<BR>[Called By]<UL><LI><a href="#[b4]">&gt;&gt;</a>&nbsp;&nbsp;&nbsp;rt_hw_board_init
</UL>

<P><STRONG><a name="[9a]"></a>rt_application_init</STRONG> (Thumb, 34 bytes, Stack size 16 bytes, application.o(i.rt_application_init))
<BR><BR>[Stack]<UL><LI>Max Depth = 356<LI>Call Chain = rt_application_init &rArr; rt_thread_create &rArr; rt_object_allocate &rArr; rt_malloc &rArr; rt_sem_take &rArr; rt_schedule &rArr; _rt_scheduler_stack_check &rArr;  list_thread (Cycle)
</UL>
<BR>[Calls]<UL><LI><a href="#[85]">&gt;&gt;</a>&nbsp;&nbsp;&nbsp;rt_thread_startup
<LI><a href="#[83]">&gt;&gt;</a>&nbsp;&nbsp;&nbsp;rt_thread_create
</UL>
<BR>[Called By]<UL><LI><a href="#[91]">&gt;&gt;</a>&nbsp;&nbsp;&nbsp;rtthread_startup
</UL>

<P><STRONG><a name="[67]"></a>rt_assert_handler</STRONG> (Thumb, 42 bytes, Stack size 16 bytes, kservice.o(i.rt_assert_handler))
<BR><BR>[Stack]<UL><LI>Max Depth = 16 + In Cycle
<LI>Call Chain = rt_assert_handler &rArr;  rt_kprintf (Cycle)
</UL>
<BR>[Calls]<UL><LI><a href="#[5f]">&gt;&gt;</a>&nbsp;&nbsp;&nbsp;rt_kprintf
</UL>
<BR>[Called By]<UL><LI><a href="#[b6]">&gt;&gt;</a>&nbsp;&nbsp;&nbsp;rt_hw_serial_register
<LI><a href="#[5a]">&gt;&gt;</a>&nbsp;&nbsp;&nbsp;rt_hw_serial_isr
<LI><a href="#[38]">&gt;&gt;</a>&nbsp;&nbsp;&nbsp;stm32_putc
<LI><a href="#[39]">&gt;&gt;</a>&nbsp;&nbsp;&nbsp;stm32_getc
<LI><a href="#[37]">&gt;&gt;</a>&nbsp;&nbsp;&nbsp;stm32_control
<LI><a href="#[36]">&gt;&gt;</a>&nbsp;&nbsp;&nbsp;stm32_configure
<LI><a href="#[c9]">&gt;&gt;</a>&nbsp;&nbsp;&nbsp;rt_system_heap_init
<LI><a href="#[85]">&gt;&gt;</a>&nbsp;&nbsp;&nbsp;rt_thread_startup
<LI><a href="#[7d]">&gt;&gt;</a>&nbsp;&nbsp;&nbsp;finsh_set_device
<LI><a href="#[c7]">&gt;&gt;</a>&nbsp;&nbsp;&nbsp;rt_schedule_remove_thread
<LI><a href="#[c6]">&gt;&gt;</a>&nbsp;&nbsp;&nbsp;rt_schedule_insert_thread
<LI><a href="#[6b]">&gt;&gt;</a>&nbsp;&nbsp;&nbsp;_rt_scheduler_stack_check
<LI><a href="#[82]">&gt;&gt;</a>&nbsp;&nbsp;&nbsp;rt_calloc
<LI><a href="#[97]">&gt;&gt;</a>&nbsp;&nbsp;&nbsp;plug_holes
<LI><a href="#[a5]">&gt;&gt;</a>&nbsp;&nbsp;&nbsp;rt_timer_start
<LI><a href="#[a4]">&gt;&gt;</a>&nbsp;&nbsp;&nbsp;rt_timer_control
<LI><a href="#[a3]">&gt;&gt;</a>&nbsp;&nbsp;&nbsp;rt_thread_suspend
<LI><a href="#[9e]">&gt;&gt;</a>&nbsp;&nbsp;&nbsp;rt_thread_resume
<LI><a href="#[bd]">&gt;&gt;</a>&nbsp;&nbsp;&nbsp;rt_object_allocate
<LI><a href="#[87]">&gt;&gt;</a>&nbsp;&nbsp;&nbsp;rt_sem_take
<LI><a href="#[84]">&gt;&gt;</a>&nbsp;&nbsp;&nbsp;rt_sem_init
<LI><a href="#[d2]">&gt;&gt;</a>&nbsp;&nbsp;&nbsp;rt_thread_init
<LI><a href="#[c2]">&gt;&gt;</a>&nbsp;&nbsp;&nbsp;rt_object_is_systemobject
<LI><a href="#[bf]">&gt;&gt;</a>&nbsp;&nbsp;&nbsp;rt_object_delete
<LI><a href="#[cf]">&gt;&gt;</a>&nbsp;&nbsp;&nbsp;rt_thread_idle_excute
<LI><a href="#[b0]">&gt;&gt;</a>&nbsp;&nbsp;&nbsp;rt_object_init
<LI><a href="#[c1]">&gt;&gt;</a>&nbsp;&nbsp;&nbsp;rt_object_detach
<LI><a href="#[9c]">&gt;&gt;</a>&nbsp;&nbsp;&nbsp;rt_malloc
<LI><a href="#[b3]">&gt;&gt;</a>&nbsp;&nbsp;&nbsp;rt_free
<LI><a href="#[b1]">&gt;&gt;</a>&nbsp;&nbsp;&nbsp;rt_device_write
<LI><a href="#[81]">&gt;&gt;</a>&nbsp;&nbsp;&nbsp;rt_device_set_rx_indicate
<LI><a href="#[88]">&gt;&gt;</a>&nbsp;&nbsp;&nbsp;rt_device_read
<LI><a href="#[7f]">&gt;&gt;</a>&nbsp;&nbsp;&nbsp;rt_device_open
<LI><a href="#[7e]">&gt;&gt;</a>&nbsp;&nbsp;&nbsp;rt_device_find
<LI><a href="#[80]">&gt;&gt;</a>&nbsp;&nbsp;&nbsp;rt_device_close
<LI><a href="#[ad]">&gt;&gt;</a>&nbsp;&nbsp;&nbsp;rt_data_queue_push
<LI><a href="#[ab]">&gt;&gt;</a>&nbsp;&nbsp;&nbsp;rt_data_queue_pop
<LI><a href="#[aa]">&gt;&gt;</a>&nbsp;&nbsp;&nbsp;rt_data_queue_peak
<LI><a href="#[a9]">&gt;&gt;</a>&nbsp;&nbsp;&nbsp;rt_data_queue_init
<LI><a href="#[a1]">&gt;&gt;</a>&nbsp;&nbsp;&nbsp;rt_completion_wait
<LI><a href="#[a0]">&gt;&gt;</a>&nbsp;&nbsp;&nbsp;rt_completion_init
<LI><a href="#[9d]">&gt;&gt;</a>&nbsp;&nbsp;&nbsp;rt_completion_done
<LI><a href="#[32]">&gt;&gt;</a>&nbsp;&nbsp;&nbsp;rt_serial_write
<LI><a href="#[31]">&gt;&gt;</a>&nbsp;&nbsp;&nbsp;rt_serial_read
<LI><a href="#[2f]">&gt;&gt;</a>&nbsp;&nbsp;&nbsp;rt_serial_open
<LI><a href="#[2e]">&gt;&gt;</a>&nbsp;&nbsp;&nbsp;rt_serial_init
<LI><a href="#[33]">&gt;&gt;</a>&nbsp;&nbsp;&nbsp;rt_serial_control
<LI><a href="#[30]">&gt;&gt;</a>&nbsp;&nbsp;&nbsp;rt_serial_close
<LI><a href="#[b2]">&gt;&gt;</a>&nbsp;&nbsp;&nbsp;rt_dma_recv_update_put_index
<LI><a href="#[76]">&gt;&gt;</a>&nbsp;&nbsp;&nbsp;rt_dma_recv_update_get_index
<LI><a href="#[72]">&gt;&gt;</a>&nbsp;&nbsp;&nbsp;rt_dma_calc_recved_len
<LI><a href="#[77]">&gt;&gt;</a>&nbsp;&nbsp;&nbsp;_serial_int_rx
<LI><a href="#[71]">&gt;&gt;</a>&nbsp;&nbsp;&nbsp;_serial_dma_rx
<LI><a href="#[d4]">&gt;&gt;</a>&nbsp;&nbsp;&nbsp;rt_timer_stop
<LI><a href="#[70]">&gt;&gt;</a>&nbsp;&nbsp;&nbsp;rt_timer_init
<LI><a href="#[cd]">&gt;&gt;</a>&nbsp;&nbsp;&nbsp;rt_timer_detach
<LI><a href="#[2a]">&gt;&gt;</a>&nbsp;&nbsp;&nbsp;rt_thread_timeout
<LI><a href="#[cc]">&gt;&gt;</a>&nbsp;&nbsp;&nbsp;rt_thread_sleep
<LI><a href="#[6d]">&gt;&gt;</a>&nbsp;&nbsp;&nbsp;_rt_thread_init
<LI><a href="#[66]">&gt;&gt;</a>&nbsp;&nbsp;&nbsp;_msh_exec_cmd
<LI><a href="#[2c]">&gt;&gt;</a>&nbsp;&nbsp;&nbsp;finsh_thread_entry
<LI><a href="#[2b]">&gt;&gt;</a>&nbsp;&nbsp;&nbsp;finsh_rx_ind
</UL>

<P><STRONG><a name="[82]"></a>rt_calloc</STRONG> (Thumb, 68 bytes, Stack size 16 bytes, mem.o(i.rt_calloc))
<BR><BR>[Stack]<UL><LI>Max Depth = 276<LI>Call Chain = rt_calloc &rArr; rt_malloc &rArr; rt_sem_take &rArr; rt_schedule &rArr; _rt_scheduler_stack_check &rArr;  list_thread (Cycle)
</UL>
<BR>[Calls]<UL><LI><a href="#[67]">&gt;&gt;</a>&nbsp;&nbsp;&nbsp;rt_assert_handler
<LI><a href="#[5f]">&gt;&gt;</a>&nbsp;&nbsp;&nbsp;rt_kprintf
<LI><a href="#[6c]">&gt;&gt;</a>&nbsp;&nbsp;&nbsp;rt_hw_interrupt_disable
<LI><a href="#[9b]">&gt;&gt;</a>&nbsp;&nbsp;&nbsp;rt_interrupt_get_nest
<LI><a href="#[6e]">&gt;&gt;</a>&nbsp;&nbsp;&nbsp;rt_memset
<LI><a href="#[9c]">&gt;&gt;</a>&nbsp;&nbsp;&nbsp;rt_malloc
<LI><a href="#[73]">&gt;&gt;</a>&nbsp;&nbsp;&nbsp;rt_hw_interrupt_enable
</UL>
<BR>[Called By]<UL><LI><a href="#[3e]">&gt;&gt;</a>&nbsp;&nbsp;&nbsp;finsh_system_init
</UL>

<P><STRONG><a name="[9d]"></a>rt_completion_done</STRONG> (Thumb, 66 bytes, Stack size 16 bytes, completion.o(i.rt_completion_done))
<BR><BR>[Stack]<UL><LI>Max Depth = 220<LI>Call Chain = rt_completion_done &rArr; rt_schedule &rArr; _rt_scheduler_stack_check &rArr;  list_thread (Cycle)
</UL>
<BR>[Calls]<UL><LI><a href="#[67]">&gt;&gt;</a>&nbsp;&nbsp;&nbsp;rt_assert_handler
<LI><a href="#[6c]">&gt;&gt;</a>&nbsp;&nbsp;&nbsp;rt_hw_interrupt_disable
<LI><a href="#[9e]">&gt;&gt;</a>&nbsp;&nbsp;&nbsp;rt_thread_resume
<LI><a href="#[9f]">&gt;&gt;</a>&nbsp;&nbsp;&nbsp;rt_schedule
<LI><a href="#[73]">&gt;&gt;</a>&nbsp;&nbsp;&nbsp;rt_hw_interrupt_enable
</UL>
<BR>[Called By]<UL><LI><a href="#[5a]">&gt;&gt;</a>&nbsp;&nbsp;&nbsp;rt_hw_serial_isr
</UL>

<P><STRONG><a name="[a0]"></a>rt_completion_init</STRONG> (Thumb, 34 bytes, Stack size 8 bytes, completion.o(i.rt_completion_init))
<BR><BR>[Stack]<UL><LI>Max Depth = 24<LI>Call Chain = rt_completion_init &rArr; rt_assert_handler &rArr;  rt_kprintf (Cycle)
</UL>
<BR>[Calls]<UL><LI><a href="#[67]">&gt;&gt;</a>&nbsp;&nbsp;&nbsp;rt_assert_handler
<LI><a href="#[6c]">&gt;&gt;</a>&nbsp;&nbsp;&nbsp;rt_hw_interrupt_disable
<LI><a href="#[73]">&gt;&gt;</a>&nbsp;&nbsp;&nbsp;rt_hw_interrupt_enable
</UL>
<BR>[Called By]<UL><LI><a href="#[2f]">&gt;&gt;</a>&nbsp;&nbsp;&nbsp;rt_serial_open
</UL>

<P><STRONG><a name="[a1]"></a>rt_completion_wait</STRONG> (Thumb, 190 bytes, Stack size 32 bytes, completion.o(i.rt_completion_wait))
<BR><BR>[Stack]<UL><LI>Max Depth = 236<LI>Call Chain = rt_completion_wait &rArr; rt_schedule &rArr; _rt_scheduler_stack_check &rArr;  list_thread (Cycle)
</UL>
<BR>[Calls]<UL><LI><a href="#[67]">&gt;&gt;</a>&nbsp;&nbsp;&nbsp;rt_assert_handler
<LI><a href="#[5f]">&gt;&gt;</a>&nbsp;&nbsp;&nbsp;rt_kprintf
<LI><a href="#[6c]">&gt;&gt;</a>&nbsp;&nbsp;&nbsp;rt_hw_interrupt_disable
<LI><a href="#[a5]">&gt;&gt;</a>&nbsp;&nbsp;&nbsp;rt_timer_start
<LI><a href="#[a4]">&gt;&gt;</a>&nbsp;&nbsp;&nbsp;rt_timer_control
<LI><a href="#[a3]">&gt;&gt;</a>&nbsp;&nbsp;&nbsp;rt_thread_suspend
<LI><a href="#[9f]">&gt;&gt;</a>&nbsp;&nbsp;&nbsp;rt_schedule
<LI><a href="#[9b]">&gt;&gt;</a>&nbsp;&nbsp;&nbsp;rt_interrupt_get_nest
<LI><a href="#[a2]">&gt;&gt;</a>&nbsp;&nbsp;&nbsp;rt_thread_self
<LI><a href="#[73]">&gt;&gt;</a>&nbsp;&nbsp;&nbsp;rt_hw_interrupt_enable
</UL>
<BR>[Called By]<UL><LI><a href="#[32]">&gt;&gt;</a>&nbsp;&nbsp;&nbsp;rt_serial_write
</UL>

<P><STRONG><a name="[a6]"></a>rt_components_board_init</STRONG> (Thumb, 36 bytes, Stack size 16 bytes, components.o(i.rt_components_board_init))
<BR><BR>[Stack]<UL><LI>Max Depth = 188<LI>Call Chain = rt_components_board_init &rArr; rt_kprintf &rArr; rt_vsnprintf &rArr; print_number &rArr; __aeabi_uidivmod
</UL>
<BR>[Calls]<UL><LI><a href="#[5f]">&gt;&gt;</a>&nbsp;&nbsp;&nbsp;rt_kprintf
</UL>
<BR>[Called By]<UL><LI><a href="#[b4]">&gt;&gt;</a>&nbsp;&nbsp;&nbsp;rt_hw_board_init
</UL>

<P><STRONG><a name="[a7]"></a>rt_components_init</STRONG> (Thumb, 42 bytes, Stack size 16 bytes, components.o(i.rt_components_init))
<BR><BR>[Stack]<UL><LI>Max Depth = 188<LI>Call Chain = rt_components_init &rArr; rt_kprintf &rArr; rt_vsnprintf &rArr; print_number &rArr; __aeabi_uidivmod
</UL>
<BR>[Calls]<UL><LI><a href="#[5f]">&gt;&gt;</a>&nbsp;&nbsp;&nbsp;rt_kprintf
</UL>
<BR>[Called By]<UL><LI><a href="#[2d]">&gt;&gt;</a>&nbsp;&nbsp;&nbsp;rt_init_thread_entry
</UL>

<P><STRONG><a name="[86]"></a>rt_console_get_device</STRONG> (Thumb, 6 bytes, Stack size 0 bytes, kservice.o(i.rt_console_get_device))
<BR><BR>[Called By]<UL><LI><a href="#[2c]">&gt;&gt;</a>&nbsp;&nbsp;&nbsp;finsh_thread_entry
</UL>

<P><STRONG><a name="[a8]"></a>rt_console_set_device</STRONG> (Thumb, 38 bytes, Stack size 16 bytes, kservice.o(i.rt_console_set_device))
<BR><BR>[Stack]<UL><LI>Max Depth = 252<LI>Call Chain = rt_console_set_device &rArr; rt_device_find &rArr; rt_exit_critical &rArr; rt_schedule &rArr; _rt_scheduler_stack_check &rArr;  list_thread (Cycle)
</UL>
<BR>[Calls]<UL><LI><a href="#[7f]">&gt;&gt;</a>&nbsp;&nbsp;&nbsp;rt_device_open
<LI><a href="#[7e]">&gt;&gt;</a>&nbsp;&nbsp;&nbsp;rt_device_find
<LI><a href="#[80]">&gt;&gt;</a>&nbsp;&nbsp;&nbsp;rt_device_close
</UL>
<BR>[Called By]<UL><LI><a href="#[b4]">&gt;&gt;</a>&nbsp;&nbsp;&nbsp;rt_hw_board_init
</UL>

<P><STRONG><a name="[a9]"></a>rt_data_queue_init</STRONG> (Thumb, 70 bytes, Stack size 24 bytes, dataqueue.o(i.rt_data_queue_init))
<BR><BR>[Stack]<UL><LI>Max Depth = 284<LI>Call Chain = rt_data_queue_init &rArr; rt_malloc &rArr; rt_sem_take &rArr; rt_schedule &rArr; _rt_scheduler_stack_check &rArr;  list_thread (Cycle)
</UL>
<BR>[Calls]<UL><LI><a href="#[67]">&gt;&gt;</a>&nbsp;&nbsp;&nbsp;rt_assert_handler
<LI><a href="#[9c]">&gt;&gt;</a>&nbsp;&nbsp;&nbsp;rt_malloc
</UL>
<BR>[Called By]<UL><LI><a href="#[2f]">&gt;&gt;</a>&nbsp;&nbsp;&nbsp;rt_serial_open
</UL>

<P><STRONG><a name="[aa]"></a>rt_data_queue_peak</STRONG> (Thumb, 90 bytes, Stack size 24 bytes, dataqueue.o(i.rt_data_queue_peak))
<BR><BR>[Stack]<UL><LI>Max Depth = 40<LI>Call Chain = rt_data_queue_peak &rArr; rt_assert_handler &rArr;  rt_kprintf (Cycle)
</UL>
<BR>[Calls]<UL><LI><a href="#[67]">&gt;&gt;</a>&nbsp;&nbsp;&nbsp;rt_assert_handler
<LI><a href="#[6c]">&gt;&gt;</a>&nbsp;&nbsp;&nbsp;rt_hw_interrupt_disable
<LI><a href="#[73]">&gt;&gt;</a>&nbsp;&nbsp;&nbsp;rt_hw_interrupt_enable
<LI><a href="#[54]">&gt;&gt;</a>&nbsp;&nbsp;&nbsp;__aeabi_uidivmod
</UL>
<BR>[Called By]<UL><LI><a href="#[5a]">&gt;&gt;</a>&nbsp;&nbsp;&nbsp;rt_hw_serial_isr
</UL>

<P><STRONG><a name="[ab]"></a>rt_data_queue_pop</STRONG> (Thumb, 328 bytes, Stack size 40 bytes, dataqueue.o(i.rt_data_queue_pop))
<BR><BR>[Stack]<UL><LI>Max Depth = 244<LI>Call Chain = rt_data_queue_pop &rArr; rt_schedule &rArr; _rt_scheduler_stack_check &rArr;  list_thread (Cycle)
</UL>
<BR>[Calls]<UL><LI><a href="#[67]">&gt;&gt;</a>&nbsp;&nbsp;&nbsp;rt_assert_handler
<LI><a href="#[5f]">&gt;&gt;</a>&nbsp;&nbsp;&nbsp;rt_kprintf
<LI><a href="#[6c]">&gt;&gt;</a>&nbsp;&nbsp;&nbsp;rt_hw_interrupt_disable
<LI><a href="#[a5]">&gt;&gt;</a>&nbsp;&nbsp;&nbsp;rt_timer_start
<LI><a href="#[a4]">&gt;&gt;</a>&nbsp;&nbsp;&nbsp;rt_timer_control
<LI><a href="#[a3]">&gt;&gt;</a>&nbsp;&nbsp;&nbsp;rt_thread_suspend
<LI><a href="#[9e]">&gt;&gt;</a>&nbsp;&nbsp;&nbsp;rt_thread_resume
<LI><a href="#[9f]">&gt;&gt;</a>&nbsp;&nbsp;&nbsp;rt_schedule
<LI><a href="#[9b]">&gt;&gt;</a>&nbsp;&nbsp;&nbsp;rt_interrupt_get_nest
<LI><a href="#[a2]">&gt;&gt;</a>&nbsp;&nbsp;&nbsp;rt_thread_self
<LI><a href="#[73]">&gt;&gt;</a>&nbsp;&nbsp;&nbsp;rt_hw_interrupt_enable
<LI><a href="#[ac]">&gt;&gt;</a>&nbsp;&nbsp;&nbsp;rt_list_insert_before
<LI><a href="#[54]">&gt;&gt;</a>&nbsp;&nbsp;&nbsp;__aeabi_uidivmod
</UL>
<BR>[Called By]<UL><LI><a href="#[5a]">&gt;&gt;</a>&nbsp;&nbsp;&nbsp;rt_hw_serial_isr
</UL>

<P><STRONG><a name="[ad]"></a>rt_data_queue_push</STRONG> (Thumb, 266 bytes, Stack size 40 bytes, dataqueue.o(i.rt_data_queue_push))
<BR><BR>[Stack]<UL><LI>Max Depth = 244<LI>Call Chain = rt_data_queue_push &rArr; rt_schedule &rArr; _rt_scheduler_stack_check &rArr;  list_thread (Cycle)
</UL>
<BR>[Calls]<UL><LI><a href="#[67]">&gt;&gt;</a>&nbsp;&nbsp;&nbsp;rt_assert_handler
<LI><a href="#[5f]">&gt;&gt;</a>&nbsp;&nbsp;&nbsp;rt_kprintf
<LI><a href="#[6c]">&gt;&gt;</a>&nbsp;&nbsp;&nbsp;rt_hw_interrupt_disable
<LI><a href="#[a5]">&gt;&gt;</a>&nbsp;&nbsp;&nbsp;rt_timer_start
<LI><a href="#[a4]">&gt;&gt;</a>&nbsp;&nbsp;&nbsp;rt_timer_control
<LI><a href="#[a3]">&gt;&gt;</a>&nbsp;&nbsp;&nbsp;rt_thread_suspend
<LI><a href="#[9e]">&gt;&gt;</a>&nbsp;&nbsp;&nbsp;rt_thread_resume
<LI><a href="#[9f]">&gt;&gt;</a>&nbsp;&nbsp;&nbsp;rt_schedule
<LI><a href="#[9b]">&gt;&gt;</a>&nbsp;&nbsp;&nbsp;rt_interrupt_get_nest
<LI><a href="#[a2]">&gt;&gt;</a>&nbsp;&nbsp;&nbsp;rt_thread_self
<LI><a href="#[73]">&gt;&gt;</a>&nbsp;&nbsp;&nbsp;rt_hw_interrupt_enable
<LI><a href="#[ac]">&gt;&gt;</a>&nbsp;&nbsp;&nbsp;rt_list_insert_before
<LI><a href="#[54]">&gt;&gt;</a>&nbsp;&nbsp;&nbsp;__aeabi_uidivmod
</UL>
<BR>[Called By]<UL><LI><a href="#[32]">&gt;&gt;</a>&nbsp;&nbsp;&nbsp;rt_serial_write
</UL>

<P><STRONG><a name="[80]"></a>rt_device_close</STRONG> (Thumb, 74 bytes, Stack size 16 bytes, device.o(i.rt_device_close))
<BR><BR>[Stack]<UL><LI>Max Depth = 32<LI>Call Chain = rt_device_close &rArr; rt_assert_handler &rArr;  rt_kprintf (Cycle)
</UL>
<BR>[Calls]<UL><LI><a href="#[67]">&gt;&gt;</a>&nbsp;&nbsp;&nbsp;rt_assert_handler
</UL>
<BR>[Called By]<UL><LI><a href="#[a8]">&gt;&gt;</a>&nbsp;&nbsp;&nbsp;rt_console_set_device
<LI><a href="#[7d]">&gt;&gt;</a>&nbsp;&nbsp;&nbsp;finsh_set_device
</UL>

<P><STRONG><a name="[7e]"></a>rt_device_find</STRONG> (Thumb, 98 bytes, Stack size 24 bytes, device.o(i.rt_device_find))
<BR><BR>[Stack]<UL><LI>Max Depth = 236<LI>Call Chain = rt_device_find &rArr; rt_exit_critical &rArr; rt_schedule &rArr; _rt_scheduler_stack_check &rArr;  list_thread (Cycle)
</UL>
<BR>[Calls]<UL><LI><a href="#[67]">&gt;&gt;</a>&nbsp;&nbsp;&nbsp;rt_assert_handler
<LI><a href="#[ae]">&gt;&gt;</a>&nbsp;&nbsp;&nbsp;rt_strncmp
<LI><a href="#[90]">&gt;&gt;</a>&nbsp;&nbsp;&nbsp;rt_object_get_information
<LI><a href="#[96]">&gt;&gt;</a>&nbsp;&nbsp;&nbsp;rt_exit_critical
<LI><a href="#[95]">&gt;&gt;</a>&nbsp;&nbsp;&nbsp;rt_enter_critical
<LI><a href="#[a2]">&gt;&gt;</a>&nbsp;&nbsp;&nbsp;rt_thread_self
</UL>
<BR>[Called By]<UL><LI><a href="#[a8]">&gt;&gt;</a>&nbsp;&nbsp;&nbsp;rt_console_set_device
<LI><a href="#[7d]">&gt;&gt;</a>&nbsp;&nbsp;&nbsp;finsh_set_device
<LI><a href="#[af]">&gt;&gt;</a>&nbsp;&nbsp;&nbsp;rt_device_register
</UL>

<P><STRONG><a name="[7f]"></a>rt_device_open</STRONG> (Thumb, 144 bytes, Stack size 16 bytes, device.o(i.rt_device_open))
<BR><BR>[Stack]<UL><LI>Max Depth = 188<LI>Call Chain = rt_device_open &rArr; rt_kprintf &rArr; rt_vsnprintf &rArr; print_number &rArr; __aeabi_uidivmod
</UL>
<BR>[Calls]<UL><LI><a href="#[67]">&gt;&gt;</a>&nbsp;&nbsp;&nbsp;rt_assert_handler
<LI><a href="#[5f]">&gt;&gt;</a>&nbsp;&nbsp;&nbsp;rt_kprintf
</UL>
<BR>[Called By]<UL><LI><a href="#[a8]">&gt;&gt;</a>&nbsp;&nbsp;&nbsp;rt_console_set_device
<LI><a href="#[7d]">&gt;&gt;</a>&nbsp;&nbsp;&nbsp;finsh_set_device
</UL>

<P><STRONG><a name="[88]"></a>rt_device_read</STRONG> (Thumb, 68 bytes, Stack size 40 bytes, device.o(i.rt_device_read))
<BR><BR>[Stack]<UL><LI>Max Depth = 56<LI>Call Chain = rt_device_read &rArr; rt_assert_handler &rArr;  rt_kprintf (Cycle)
</UL>
<BR>[Calls]<UL><LI><a href="#[67]">&gt;&gt;</a>&nbsp;&nbsp;&nbsp;rt_assert_handler
<LI><a href="#[74]">&gt;&gt;</a>&nbsp;&nbsp;&nbsp;rt_set_errno
</UL>
<BR>[Called By]<UL><LI><a href="#[2c]">&gt;&gt;</a>&nbsp;&nbsp;&nbsp;finsh_thread_entry
</UL>

<P><STRONG><a name="[af]"></a>rt_device_register</STRONG> (Thumb, 46 bytes, Stack size 24 bytes, device.o(i.rt_device_register))
<BR><BR>[Stack]<UL><LI>Max Depth = 260<LI>Call Chain = rt_device_register &rArr; rt_device_find &rArr; rt_exit_critical &rArr; rt_schedule &rArr; _rt_scheduler_stack_check &rArr;  list_thread (Cycle)
</UL>
<BR>[Calls]<UL><LI><a href="#[b0]">&gt;&gt;</a>&nbsp;&nbsp;&nbsp;rt_object_init
<LI><a href="#[7e]">&gt;&gt;</a>&nbsp;&nbsp;&nbsp;rt_device_find
</UL>
<BR>[Called By]<UL><LI><a href="#[b6]">&gt;&gt;</a>&nbsp;&nbsp;&nbsp;rt_hw_serial_register
</UL>

<P><STRONG><a name="[81]"></a>rt_device_set_rx_indicate</STRONG> (Thumb, 26 bytes, Stack size 16 bytes, device.o(i.rt_device_set_rx_indicate))
<BR><BR>[Stack]<UL><LI>Max Depth = 32<LI>Call Chain = rt_device_set_rx_indicate &rArr; rt_assert_handler &rArr;  rt_kprintf (Cycle)
</UL>
<BR>[Calls]<UL><LI><a href="#[67]">&gt;&gt;</a>&nbsp;&nbsp;&nbsp;rt_assert_handler
</UL>
<BR>[Called By]<UL><LI><a href="#[7d]">&gt;&gt;</a>&nbsp;&nbsp;&nbsp;finsh_set_device
</UL>

<P><STRONG><a name="[b1]"></a>rt_device_write</STRONG> (Thumb, 68 bytes, Stack size 40 bytes, device.o(i.rt_device_write))
<BR><BR>[Stack]<UL><LI>Max Depth = 56<LI>Call Chain = rt_device_write &rArr; rt_assert_handler &rArr;  rt_kprintf (Cycle)
</UL>
<BR>[Calls]<UL><LI><a href="#[67]">&gt;&gt;</a>&nbsp;&nbsp;&nbsp;rt_assert_handler
<LI><a href="#[74]">&gt;&gt;</a>&nbsp;&nbsp;&nbsp;rt_set_errno
</UL>
<BR>[Called By]<UL><LI><a href="#[5f]">&gt;&gt;</a>&nbsp;&nbsp;&nbsp;rt_kprintf
</UL>

<P><STRONG><a name="[95]"></a>rt_enter_critical</STRONG> (Thumb, 20 bytes, Stack size 8 bytes, scheduler.o(i.rt_enter_critical))
<BR><BR>[Stack]<UL><LI>Max Depth = 8<LI>Call Chain = rt_enter_critical
</UL>
<BR>[Calls]<UL><LI><a href="#[6c]">&gt;&gt;</a>&nbsp;&nbsp;&nbsp;rt_hw_interrupt_disable
<LI><a href="#[73]">&gt;&gt;</a>&nbsp;&nbsp;&nbsp;rt_hw_interrupt_enable
</UL>
<BR>[Called By]<UL><LI><a href="#[cf]">&gt;&gt;</a>&nbsp;&nbsp;&nbsp;rt_thread_idle_excute
<LI><a href="#[7e]">&gt;&gt;</a>&nbsp;&nbsp;&nbsp;rt_device_find
<LI><a href="#[5e]">&gt;&gt;</a>&nbsp;&nbsp;&nbsp;object_name_maxlen
</UL>

<P><STRONG><a name="[96]"></a>rt_exit_critical</STRONG> (Thumb, 40 bytes, Stack size 8 bytes, scheduler.o(i.rt_exit_critical))
<BR><BR>[Stack]<UL><LI>Max Depth = 212<LI>Call Chain = rt_exit_critical &rArr; rt_schedule &rArr; _rt_scheduler_stack_check &rArr;  list_thread (Cycle)
</UL>
<BR>[Calls]<UL><LI><a href="#[6c]">&gt;&gt;</a>&nbsp;&nbsp;&nbsp;rt_hw_interrupt_disable
<LI><a href="#[9f]">&gt;&gt;</a>&nbsp;&nbsp;&nbsp;rt_schedule
<LI><a href="#[73]">&gt;&gt;</a>&nbsp;&nbsp;&nbsp;rt_hw_interrupt_enable
</UL>
<BR>[Called By]<UL><LI><a href="#[cf]">&gt;&gt;</a>&nbsp;&nbsp;&nbsp;rt_thread_idle_excute
<LI><a href="#[7e]">&gt;&gt;</a>&nbsp;&nbsp;&nbsp;rt_device_find
<LI><a href="#[5e]">&gt;&gt;</a>&nbsp;&nbsp;&nbsp;object_name_maxlen
</UL>

<P><STRONG><a name="[b3]"></a>rt_free</STRONG> (Thumb, 224 bytes, Stack size 16 bytes, mem.o(i.rt_free))
<BR><BR>[Stack]<UL><LI>Max Depth = 252<LI>Call Chain = rt_free &rArr; rt_sem_take &rArr; rt_schedule &rArr; _rt_scheduler_stack_check &rArr;  list_thread (Cycle)
</UL>
<BR>[Calls]<UL><LI><a href="#[67]">&gt;&gt;</a>&nbsp;&nbsp;&nbsp;rt_assert_handler
<LI><a href="#[5f]">&gt;&gt;</a>&nbsp;&nbsp;&nbsp;rt_kprintf
<LI><a href="#[6c]">&gt;&gt;</a>&nbsp;&nbsp;&nbsp;rt_hw_interrupt_disable
<LI><a href="#[97]">&gt;&gt;</a>&nbsp;&nbsp;&nbsp;plug_holes
<LI><a href="#[87]">&gt;&gt;</a>&nbsp;&nbsp;&nbsp;rt_sem_take
<LI><a href="#[7c]">&gt;&gt;</a>&nbsp;&nbsp;&nbsp;rt_sem_release
<LI><a href="#[9b]">&gt;&gt;</a>&nbsp;&nbsp;&nbsp;rt_interrupt_get_nest
<LI><a href="#[73]">&gt;&gt;</a>&nbsp;&nbsp;&nbsp;rt_hw_interrupt_enable
</UL>
<BR>[Called By]<UL><LI><a href="#[bf]">&gt;&gt;</a>&nbsp;&nbsp;&nbsp;rt_object_delete
<LI><a href="#[cf]">&gt;&gt;</a>&nbsp;&nbsp;&nbsp;rt_thread_idle_excute
<LI><a href="#[30]">&gt;&gt;</a>&nbsp;&nbsp;&nbsp;rt_serial_close
</UL>

<P><STRONG><a name="[b4]"></a>rt_hw_board_init</STRONG> (Thumb, 70 bytes, Stack size 8 bytes, board.o(i.rt_hw_board_init))
<BR><BR>[Stack]<UL><LI>Max Depth = 324<LI>Call Chain = rt_hw_board_init &rArr; rt_hw_usart_init &rArr; rt_hw_serial_register &rArr; rt_device_register &rArr; rt_device_find &rArr; rt_exit_critical &rArr; rt_schedule &rArr; _rt_scheduler_stack_check &rArr;  list_thread (Cycle)
</UL>
<BR>[Calls]<UL><LI><a href="#[b5]">&gt;&gt;</a>&nbsp;&nbsp;&nbsp;rt_hw_usart_init
<LI><a href="#[a8]">&gt;&gt;</a>&nbsp;&nbsp;&nbsp;rt_console_set_device
<LI><a href="#[a6]">&gt;&gt;</a>&nbsp;&nbsp;&nbsp;rt_components_board_init
<LI><a href="#[99]">&gt;&gt;</a>&nbsp;&nbsp;&nbsp;print_rcc_freq_info
<LI><a href="#[4e]">&gt;&gt;</a>&nbsp;&nbsp;&nbsp;OutputMCO
<LI><a href="#[54]">&gt;&gt;</a>&nbsp;&nbsp;&nbsp;__aeabi_uidivmod
</UL>
<BR>[Called By]<UL><LI><a href="#[91]">&gt;&gt;</a>&nbsp;&nbsp;&nbsp;rtthread_startup
</UL>

<P><STRONG><a name="[bc]"></a>rt_hw_console_output</STRONG> (Thumb, 2 bytes, Stack size 0 bytes, kservice.o(i.rt_hw_console_output))
<BR><BR>[Called By]<UL><LI><a href="#[5f]">&gt;&gt;</a>&nbsp;&nbsp;&nbsp;rt_kprintf
</UL>

<P><STRONG><a name="[49]"></a>rt_hw_hard_fault_exception</STRONG> (Thumb, 82 bytes, Stack size 0 bytes, cpuport.o(i.rt_hw_hard_fault_exception))
<BR><BR>[Stack]<UL><LI>Max Depth = 292<LI>Call Chain = rt_hw_hard_fault_exception &rArr; list_thread &rArr; _list_thread &rArr; object_name_maxlen &rArr; rt_exit_critical &rArr; rt_schedule &rArr; _rt_scheduler_stack_check &rArr;  list_thread (Cycle)
</UL>
<BR>[Calls]<UL><LI><a href="#[5f]">&gt;&gt;</a>&nbsp;&nbsp;&nbsp;rt_kprintf
<LI><a href="#[43]">&gt;&gt;</a>&nbsp;&nbsp;&nbsp;list_thread
</UL>
<BR>[Called By]<UL><LI><a href="#[2]">&gt;&gt;</a>&nbsp;&nbsp;&nbsp;HardFault_Handler
</UL>

<P><STRONG><a name="[3d]"></a>rt_hw_led_init</STRONG> (Thumb, 40 bytes, Stack size 16 bytes, led.o(i.rt_hw_led_init))
<BR><BR>[Stack]<UL><LI>Max Depth = 36<LI>Call Chain = rt_hw_led_init &rArr; GPIO_Init
</UL>
<BR>[Calls]<UL><LI><a href="#[4f]">&gt;&gt;</a>&nbsp;&nbsp;&nbsp;RCC_AHBPeriphClockCmd
<LI><a href="#[50]">&gt;&gt;</a>&nbsp;&nbsp;&nbsp;GPIO_Init
</UL>
<BR>[Called By]<UL><LI><a href="#[34]">&gt;&gt;</a>&nbsp;&nbsp;&nbsp;led_thread_entry
</UL>
<BR>[Address Reference Count : 1]<UL><LI> led.o(.rti_fn.3)
</UL>
<P><STRONG><a name="[5a]"></a>rt_hw_serial_isr</STRONG> (Thumb, 344 bytes, Stack size 32 bytes, serial.o(i.rt_hw_serial_isr))
<BR><BR>[Stack]<UL><LI>Max Depth = 276<LI>Call Chain = rt_hw_serial_isr &rArr; rt_data_queue_pop &rArr; rt_schedule &rArr; _rt_scheduler_stack_check &rArr;  list_thread (Cycle)
</UL>
<BR>[Calls]<UL><LI><a href="#[67]">&gt;&gt;</a>&nbsp;&nbsp;&nbsp;rt_assert_handler
<LI><a href="#[6c]">&gt;&gt;</a>&nbsp;&nbsp;&nbsp;rt_hw_interrupt_disable
<LI><a href="#[73]">&gt;&gt;</a>&nbsp;&nbsp;&nbsp;rt_hw_interrupt_enable
<LI><a href="#[ab]">&gt;&gt;</a>&nbsp;&nbsp;&nbsp;rt_data_queue_pop
<LI><a href="#[aa]">&gt;&gt;</a>&nbsp;&nbsp;&nbsp;rt_data_queue_peak
<LI><a href="#[9d]">&gt;&gt;</a>&nbsp;&nbsp;&nbsp;rt_completion_done
<LI><a href="#[b2]">&gt;&gt;</a>&nbsp;&nbsp;&nbsp;rt_dma_recv_update_put_index
<LI><a href="#[72]">&gt;&gt;</a>&nbsp;&nbsp;&nbsp;rt_dma_calc_recved_len
</UL>
<BR>[Called By]<UL><LI><a href="#[22]">&gt;&gt;</a>&nbsp;&nbsp;&nbsp;USART2_IRQHandler
</UL>

<P><STRONG><a name="[b6]"></a>rt_hw_serial_register</STRONG> (Thumb, 68 bytes, Stack size 24 bytes, serial.o(i.rt_hw_serial_register))
<BR><BR>[Stack]<UL><LI>Max Depth = 284<LI>Call Chain = rt_hw_serial_register &rArr; rt_device_register &rArr; rt_device_find &rArr; rt_exit_critical &rArr; rt_schedule &rArr; _rt_scheduler_stack_check &rArr;  list_thread (Cycle)
</UL>
<BR>[Calls]<UL><LI><a href="#[67]">&gt;&gt;</a>&nbsp;&nbsp;&nbsp;rt_assert_handler
<LI><a href="#[af]">&gt;&gt;</a>&nbsp;&nbsp;&nbsp;rt_device_register
</UL>
<BR>[Called By]<UL><LI><a href="#[b5]">&gt;&gt;</a>&nbsp;&nbsp;&nbsp;rt_hw_usart_init
</UL>

<P><STRONG><a name="[6f]"></a>rt_hw_stack_init</STRONG> (Thumb, 50 bytes, Stack size 20 bytes, cpuport.o(i.rt_hw_stack_init))
<BR><BR>[Stack]<UL><LI>Max Depth = 20<LI>Call Chain = rt_hw_stack_init
</UL>
<BR>[Called By]<UL><LI><a href="#[6d]">&gt;&gt;</a>&nbsp;&nbsp;&nbsp;_rt_thread_init
</UL>

<P><STRONG><a name="[b5]"></a>rt_hw_usart_init</STRONG> (Thumb, 130 bytes, Stack size 32 bytes, usart.o(i.rt_hw_usart_init))
<BR><BR>[Stack]<UL><LI>Max Depth = 316<LI>Call Chain = rt_hw_usart_init &rArr; rt_hw_serial_register &rArr; rt_device_register &rArr; rt_device_find &rArr; rt_exit_critical &rArr; rt_schedule &rArr; _rt_scheduler_stack_check &rArr;  list_thread (Cycle)
</UL>
<BR>[Calls]<UL><LI><a href="#[b6]">&gt;&gt;</a>&nbsp;&nbsp;&nbsp;rt_hw_serial_register
<LI><a href="#[b7]">&gt;&gt;</a>&nbsp;&nbsp;&nbsp;RCC_APB1PeriphClockCmd
<LI><a href="#[b8]">&gt;&gt;</a>&nbsp;&nbsp;&nbsp;NVIC_Init
<LI><a href="#[4f]">&gt;&gt;</a>&nbsp;&nbsp;&nbsp;RCC_AHBPeriphClockCmd
<LI><a href="#[51]">&gt;&gt;</a>&nbsp;&nbsp;&nbsp;GPIO_PinAFConfig
<LI><a href="#[50]">&gt;&gt;</a>&nbsp;&nbsp;&nbsp;GPIO_Init
</UL>
<BR>[Called By]<UL><LI><a href="#[b4]">&gt;&gt;</a>&nbsp;&nbsp;&nbsp;rt_hw_board_init
</UL>

<P><STRONG><a name="[55]"></a>rt_interrupt_enter</STRONG> (Thumb, 20 bytes, Stack size 8 bytes, irq.o(i.rt_interrupt_enter))
<BR><BR>[Stack]<UL><LI>Max Depth = 8<LI>Call Chain = rt_interrupt_enter
</UL>
<BR>[Calls]<UL><LI><a href="#[6c]">&gt;&gt;</a>&nbsp;&nbsp;&nbsp;rt_hw_interrupt_disable
<LI><a href="#[73]">&gt;&gt;</a>&nbsp;&nbsp;&nbsp;rt_hw_interrupt_enable
</UL>
<BR>[Called By]<UL><LI><a href="#[22]">&gt;&gt;</a>&nbsp;&nbsp;&nbsp;USART2_IRQHandler
<LI><a href="#[5]">&gt;&gt;</a>&nbsp;&nbsp;&nbsp;SysTick_Handler
</UL>

<P><STRONG><a name="[9b]"></a>rt_interrupt_get_nest</STRONG> (Thumb, 6 bytes, Stack size 0 bytes, irq.o(i.rt_interrupt_get_nest))
<BR><BR>[Called By]<UL><LI><a href="#[c9]">&gt;&gt;</a>&nbsp;&nbsp;&nbsp;rt_system_heap_init
<LI><a href="#[82]">&gt;&gt;</a>&nbsp;&nbsp;&nbsp;rt_calloc
<LI><a href="#[bd]">&gt;&gt;</a>&nbsp;&nbsp;&nbsp;rt_object_allocate
<LI><a href="#[87]">&gt;&gt;</a>&nbsp;&nbsp;&nbsp;rt_sem_take
<LI><a href="#[cf]">&gt;&gt;</a>&nbsp;&nbsp;&nbsp;rt_thread_idle_excute
<LI><a href="#[74]">&gt;&gt;</a>&nbsp;&nbsp;&nbsp;rt_set_errno
<LI><a href="#[9c]">&gt;&gt;</a>&nbsp;&nbsp;&nbsp;rt_malloc
<LI><a href="#[b3]">&gt;&gt;</a>&nbsp;&nbsp;&nbsp;rt_free
<LI><a href="#[ad]">&gt;&gt;</a>&nbsp;&nbsp;&nbsp;rt_data_queue_push
<LI><a href="#[ab]">&gt;&gt;</a>&nbsp;&nbsp;&nbsp;rt_data_queue_pop
<LI><a href="#[a1]">&gt;&gt;</a>&nbsp;&nbsp;&nbsp;rt_completion_wait
</UL>

<P><STRONG><a name="[57]"></a>rt_interrupt_leave</STRONG> (Thumb, 20 bytes, Stack size 8 bytes, irq.o(i.rt_interrupt_leave))
<BR><BR>[Stack]<UL><LI>Max Depth = 8<LI>Call Chain = rt_interrupt_leave
</UL>
<BR>[Calls]<UL><LI><a href="#[6c]">&gt;&gt;</a>&nbsp;&nbsp;&nbsp;rt_hw_interrupt_disable
<LI><a href="#[73]">&gt;&gt;</a>&nbsp;&nbsp;&nbsp;rt_hw_interrupt_enable
</UL>
<BR>[Called By]<UL><LI><a href="#[22]">&gt;&gt;</a>&nbsp;&nbsp;&nbsp;USART2_IRQHandler
<LI><a href="#[5]">&gt;&gt;</a>&nbsp;&nbsp;&nbsp;SysTick_Handler
</UL>

<P><STRONG><a name="[5f]"></a>rt_kprintf</STRONG> (Thumb, 68 bytes, Stack size 32 bytes, kservice.o(i.rt_kprintf))
<BR><BR>[Stack]<UL><LI>Max Depth = 172<LI>Call Chain = rt_kprintf &rArr; rt_vsnprintf &rArr; print_number &rArr; __aeabi_uidivmod
</UL>
<BR>[Calls]<UL><LI><a href="#[bc]">&gt;&gt;</a>&nbsp;&nbsp;&nbsp;rt_hw_console_output
<LI><a href="#[bb]">&gt;&gt;</a>&nbsp;&nbsp;&nbsp;rt_vsnprintf
<LI><a href="#[b1]">&gt;&gt;</a>&nbsp;&nbsp;&nbsp;rt_device_write
</UL>
<BR>[Called By]<UL><LI><a href="#[67]">&gt;&gt;</a>&nbsp;&nbsp;&nbsp;rt_assert_handler
<LI><a href="#[a6]">&gt;&gt;</a>&nbsp;&nbsp;&nbsp;rt_components_board_init
<LI><a href="#[99]">&gt;&gt;</a>&nbsp;&nbsp;&nbsp;print_rcc_freq_info
<LI><a href="#[c9]">&gt;&gt;</a>&nbsp;&nbsp;&nbsp;rt_system_heap_init
<LI><a href="#[c8]">&gt;&gt;</a>&nbsp;&nbsp;&nbsp;rt_show_version
<LI><a href="#[a7]">&gt;&gt;</a>&nbsp;&nbsp;&nbsp;rt_components_init
<LI><a href="#[7d]">&gt;&gt;</a>&nbsp;&nbsp;&nbsp;finsh_set_device
<LI><a href="#[6b]">&gt;&gt;</a>&nbsp;&nbsp;&nbsp;_rt_scheduler_stack_check
<LI><a href="#[82]">&gt;&gt;</a>&nbsp;&nbsp;&nbsp;rt_calloc
<LI><a href="#[bd]">&gt;&gt;</a>&nbsp;&nbsp;&nbsp;rt_object_allocate
<LI><a href="#[87]">&gt;&gt;</a>&nbsp;&nbsp;&nbsp;rt_sem_take
<LI><a href="#[cf]">&gt;&gt;</a>&nbsp;&nbsp;&nbsp;rt_thread_idle_excute
<LI><a href="#[9c]">&gt;&gt;</a>&nbsp;&nbsp;&nbsp;rt_malloc
<LI><a href="#[b3]">&gt;&gt;</a>&nbsp;&nbsp;&nbsp;rt_free
<LI><a href="#[7f]">&gt;&gt;</a>&nbsp;&nbsp;&nbsp;rt_device_open
<LI><a href="#[42]">&gt;&gt;</a>&nbsp;&nbsp;&nbsp;list
<LI><a href="#[40]">&gt;&gt;</a>&nbsp;&nbsp;&nbsp;hello
<LI><a href="#[60]">&gt;&gt;</a>&nbsp;&nbsp;&nbsp;object_split
<LI><a href="#[64]">&gt;&gt;</a>&nbsp;&nbsp;&nbsp;_list_timer
<LI><a href="#[63]">&gt;&gt;</a>&nbsp;&nbsp;&nbsp;_list_thread
<LI><a href="#[62]">&gt;&gt;</a>&nbsp;&nbsp;&nbsp;_list_sem
<LI><a href="#[5d]">&gt;&gt;</a>&nbsp;&nbsp;&nbsp;_list_mutex
<LI><a href="#[ad]">&gt;&gt;</a>&nbsp;&nbsp;&nbsp;rt_data_queue_push
<LI><a href="#[ab]">&gt;&gt;</a>&nbsp;&nbsp;&nbsp;rt_data_queue_pop
<LI><a href="#[a1]">&gt;&gt;</a>&nbsp;&nbsp;&nbsp;rt_completion_wait
<LI><a href="#[49]">&gt;&gt;</a>&nbsp;&nbsp;&nbsp;rt_hw_hard_fault_exception
<LI><a href="#[92]">&gt;&gt;</a>&nbsp;&nbsp;&nbsp;msh_help
<LI><a href="#[6a]">&gt;&gt;</a>&nbsp;&nbsp;&nbsp;msh_split
<LI><a href="#[8c]">&gt;&gt;</a>&nbsp;&nbsp;&nbsp;msh_exec
<LI><a href="#[8a]">&gt;&gt;</a>&nbsp;&nbsp;&nbsp;msh_auto_complete
<LI><a href="#[2c]">&gt;&gt;</a>&nbsp;&nbsp;&nbsp;finsh_thread_entry
<LI><a href="#[3e]">&gt;&gt;</a>&nbsp;&nbsp;&nbsp;finsh_system_init
</UL>

<P><STRONG><a name="[9c]"></a>rt_malloc</STRONG> (Thumb, 336 bytes, Stack size 24 bytes, mem.o(i.rt_malloc))
<BR><BR>[Stack]<UL><LI>Max Depth = 260<LI>Call Chain = rt_malloc &rArr; rt_sem_take &rArr; rt_schedule &rArr; _rt_scheduler_stack_check &rArr;  list_thread (Cycle)
</UL>
<BR>[Calls]<UL><LI><a href="#[67]">&gt;&gt;</a>&nbsp;&nbsp;&nbsp;rt_assert_handler
<LI><a href="#[5f]">&gt;&gt;</a>&nbsp;&nbsp;&nbsp;rt_kprintf
<LI><a href="#[6c]">&gt;&gt;</a>&nbsp;&nbsp;&nbsp;rt_hw_interrupt_disable
<LI><a href="#[87]">&gt;&gt;</a>&nbsp;&nbsp;&nbsp;rt_sem_take
<LI><a href="#[7c]">&gt;&gt;</a>&nbsp;&nbsp;&nbsp;rt_sem_release
<LI><a href="#[9b]">&gt;&gt;</a>&nbsp;&nbsp;&nbsp;rt_interrupt_get_nest
<LI><a href="#[73]">&gt;&gt;</a>&nbsp;&nbsp;&nbsp;rt_hw_interrupt_enable
</UL>
<BR>[Called By]<UL><LI><a href="#[83]">&gt;&gt;</a>&nbsp;&nbsp;&nbsp;rt_thread_create
<LI><a href="#[82]">&gt;&gt;</a>&nbsp;&nbsp;&nbsp;rt_calloc
<LI><a href="#[bd]">&gt;&gt;</a>&nbsp;&nbsp;&nbsp;rt_object_allocate
<LI><a href="#[a9]">&gt;&gt;</a>&nbsp;&nbsp;&nbsp;rt_data_queue_init
<LI><a href="#[2f]">&gt;&gt;</a>&nbsp;&nbsp;&nbsp;rt_serial_open
</UL>

<P><STRONG><a name="[75]"></a>rt_memcpy</STRONG> (Thumb, 50 bytes, Stack size 12 bytes, kservice.o(i.rt_memcpy))
<BR><BR>[Stack]<UL><LI>Max Depth = 12<LI>Call Chain = rt_memcpy
</UL>
<BR>[Called By]<UL><LI><a href="#[71]">&gt;&gt;</a>&nbsp;&nbsp;&nbsp;_serial_dma_rx
</UL>

<P><STRONG><a name="[89]"></a>rt_memmove</STRONG> (Thumb, 46 bytes, Stack size 8 bytes, kservice.o(i.rt_memmove))
<BR><BR>[Stack]<UL><LI>Max Depth = 8<LI>Call Chain = rt_memmove
</UL>
<BR>[Called By]<UL><LI><a href="#[2c]">&gt;&gt;</a>&nbsp;&nbsp;&nbsp;finsh_thread_entry
</UL>

<P><STRONG><a name="[6e]"></a>rt_memset</STRONG> (Thumb, 18 bytes, Stack size 8 bytes, kservice.o(i.rt_memset))
<BR><BR>[Stack]<UL><LI>Max Depth = 8<LI>Call Chain = rt_memset
</UL>
<BR>[Called By]<UL><LI><a href="#[82]">&gt;&gt;</a>&nbsp;&nbsp;&nbsp;rt_calloc
<LI><a href="#[2f]">&gt;&gt;</a>&nbsp;&nbsp;&nbsp;rt_serial_open
<LI><a href="#[6d]">&gt;&gt;</a>&nbsp;&nbsp;&nbsp;_rt_thread_init
</UL>

<P><STRONG><a name="[bd]"></a>rt_object_allocate</STRONG> (Thumb, 124 bytes, Stack size 24 bytes, object.o(i.rt_object_allocate))
<BR><BR>[Stack]<UL><LI>Max Depth = 284<LI>Call Chain = rt_object_allocate &rArr; rt_malloc &rArr; rt_sem_take &rArr; rt_schedule &rArr; _rt_scheduler_stack_check &rArr;  list_thread (Cycle)
</UL>
<BR>[Calls]<UL><LI><a href="#[67]">&gt;&gt;</a>&nbsp;&nbsp;&nbsp;rt_assert_handler
<LI><a href="#[5f]">&gt;&gt;</a>&nbsp;&nbsp;&nbsp;rt_kprintf
<LI><a href="#[6c]">&gt;&gt;</a>&nbsp;&nbsp;&nbsp;rt_hw_interrupt_disable
<LI><a href="#[be]">&gt;&gt;</a>&nbsp;&nbsp;&nbsp;rt_list_insert_after
<LI><a href="#[93]">&gt;&gt;</a>&nbsp;&nbsp;&nbsp;rt_strncpy
<LI><a href="#[9b]">&gt;&gt;</a>&nbsp;&nbsp;&nbsp;rt_interrupt_get_nest
<LI><a href="#[90]">&gt;&gt;</a>&nbsp;&nbsp;&nbsp;rt_object_get_information
<LI><a href="#[9c]">&gt;&gt;</a>&nbsp;&nbsp;&nbsp;rt_malloc
<LI><a href="#[73]">&gt;&gt;</a>&nbsp;&nbsp;&nbsp;rt_hw_interrupt_enable
</UL>
<BR>[Called By]<UL><LI><a href="#[83]">&gt;&gt;</a>&nbsp;&nbsp;&nbsp;rt_thread_create
</UL>

<P><STRONG><a name="[bf]"></a>rt_object_delete</STRONG> (Thumb, 64 bytes, Stack size 16 bytes, object.o(i.rt_object_delete))
<BR><BR>[Stack]<UL><LI>Max Depth = 268<LI>Call Chain = rt_object_delete &rArr; rt_free &rArr; rt_sem_take &rArr; rt_schedule &rArr; _rt_scheduler_stack_check &rArr;  list_thread (Cycle)
</UL>
<BR>[Calls]<UL><LI><a href="#[67]">&gt;&gt;</a>&nbsp;&nbsp;&nbsp;rt_assert_handler
<LI><a href="#[6c]">&gt;&gt;</a>&nbsp;&nbsp;&nbsp;rt_hw_interrupt_disable
<LI><a href="#[c0]">&gt;&gt;</a>&nbsp;&nbsp;&nbsp;rt_list_remove
[...]
<BR>[Address Reference Count : 1]<UL><LI> components.o(.rti_fn.1.end)
</UL>
<P><STRONG><a name="[3b]"></a>rti_board_start</STRONG> (Thumb, 4 bytes, Stack size 0 bytes, components.o(i.rti_board_start))
<BR>[Address Reference Count : 1]<UL><LI> components.o(.rti_fn.0.end)
</UL>
<P><STRONG><a name="[3f]"></a>rti_end</STRONG> (Thumb, 4 bytes, Stack size 0 bytes, components.o(i.rti_end))
<BR>[Address Reference Count : 1]<UL><LI> components.o(.rti_fn.6.end)
</UL>
<P><STRONG><a name="[3a]"></a>rti_start</STRONG> (Thumb, 4 bytes, Stack size 0 bytes, components.o(i.rti_start))
<BR>[Address Reference Count : 1]<UL><LI> components.o(.rti_fn.0)
</UL>
<P><STRONG><a name="[d0]"></a>_has_defunct_thread</STRONG> (Thumb, 16 bytes, Stack size 0 bytes, idle.o(i._has_defunct_thread))
<BR><BR>[Called By]<UL><LI><a href="#[cf]">&gt;&gt;</a>&nbsp;&nbsp;&nbsp;rt_thread_idle_excute
</UL>

<P><STRONG><a name="[35]"></a>rt_thread_idle_entry</STRONG> (Thumb, 6 bytes, Stack size 0 bytes, idle.o(i.rt_thread_idle_entry))
<BR><BR>[Stack]<UL><LI>Max Depth = 284 + In Cycle
<LI>Call Chain = rt_thread_idle_entry &rArr;  rt_thread_idle_entry (Cycle)
</UL>
<BR>[Calls]<UL><LI><a href="#[cf]">&gt;&gt;</a>&nbsp;&nbsp;&nbsp;rt_thread_idle_excute
<LI><a href="#[35]">&gt;&gt;</a>&nbsp;&nbsp;&nbsp;rt_thread_idle_entry
</UL>
<BR>[Called By]<UL><LI><a href="#[35]">&gt;&gt;</a>&nbsp;&nbsp;&nbsp;rt_thread_idle_entry
</UL>
<BR>[Address Reference Count : 1]<UL><LI> idle.o(i.rt_thread_idle_init)
</UL>
<P><STRONG><a name="[b9]"></a>rt_ipc_list_suspend</STRONG> (Thumb, 78 bytes, Stack size 24 bytes, ipc.o(i.rt_ipc_list_suspend))
<BR><BR>[Stack]<UL><LI>Max Depth = 72<LI>Call Chain = rt_ipc_list_suspend &rArr; rt_thread_suspend &rArr; rt_timer_stop &rArr; rt_assert_handler &rArr;  rt_kprintf (Cycle)
</UL>
<BR>[Calls]<UL><LI><a href="#[a3]">&gt;&gt;</a>&nbsp;&nbsp;&nbsp;rt_thread_suspend
<LI><a href="#[ba]">&gt;&gt;</a>&nbsp;&nbsp;&nbsp;rt_list_insert_before
</UL>
<BR>[Called By]<UL><LI><a href="#[87]">&gt;&gt;</a>&nbsp;&nbsp;&nbsp;rt_sem_take
</UL>

<P><STRONG><a name="[ba]"></a>rt_list_insert_before</STRONG> (Thumb, 14 bytes, Stack size 0 bytes, ipc.o(i.rt_list_insert_before))
<BR><BR>[Called By]<UL><LI><a href="#[b9]">&gt;&gt;</a>&nbsp;&nbsp;&nbsp;rt_ipc_list_suspend
</UL>

<P><STRONG><a name="[98]"></a>print_number</STRONG> (Thumb, 312 bytes, Stack size 80 bytes, kservice.o(i.print_number))
<BR><BR>[Stack]<UL><LI>Max Depth = 92<LI>Call Chain = print_number &rArr; __aeabi_uidivmod
</UL>
<BR>[Calls]<UL><LI><a href="#[54]">&gt;&gt;</a>&nbsp;&nbsp;&nbsp;__aeabi_uidivmod
</UL>
<BR>[Called By]<UL><LI><a href="#[bb]">&gt;&gt;</a>&nbsp;&nbsp;&nbsp;rt_vsnprintf
</UL>

<P><STRONG><a name="[da]"></a>skip_atoi</STRONG> (Thumb, 32 bytes, Stack size 0 bytes, kservice.o(i.skip_atoi))
<BR><BR>[Called By]<UL><LI><a href="#[bb]">&gt;&gt;</a>&nbsp;&nbsp;&nbsp;rt_vsnprintf
</UL>

<P><STRONG><a name="[97]"></a>plug_holes</STRONG> (Thumb, 134 bytes, Stack size 16 bytes, mem.o(i.plug_holes))
<BR><BR>[Stack]<UL><LI>Max Depth = 32<LI>Call Chain = plug_holes &rArr; rt_assert_handler &rArr;  rt_kprintf (Cycle)
</UL>
<BR>[Calls]<UL><LI><a href="#[67]">&gt;&gt;</a>&nbsp;&nbsp;&nbsp;rt_assert_handler
</UL>
<BR>[Called By]<UL><LI><a href="#[b3]">&gt;&gt;</a>&nbsp;&nbsp;&nbsp;rt_free
</UL>

<P><STRONG><a name="[be]"></a>rt_list_insert_after</STRONG> (Thumb, 14 bytes, Stack size 0 bytes, object.o(i.rt_list_insert_after))
<BR><BR>[Called By]<UL><LI><a href="#[bd]">&gt;&gt;</a>&nbsp;&nbsp;&nbsp;rt_object_allocate
<LI><a href="#[b0]">&gt;&gt;</a>&nbsp;&nbsp;&nbsp;rt_object_init
</UL>

<P><STRONG><a name="[c0]"></a>rt_list_remove</STRONG> (Thumb, 18 bytes, Stack size 0 bytes, object.o(i.rt_list_remove))
<BR><BR>[Called By]<UL><LI><a href="#[bf]">&gt;&gt;</a>&nbsp;&nbsp;&nbsp;rt_object_delete
<LI><a href="#[c1]">&gt;&gt;</a>&nbsp;&nbsp;&nbsp;rt_object_detach
</UL>

<P><STRONG><a name="[6b]"></a>_rt_scheduler_stack_check</STRONG> (Thumb, 76 bytes, Stack size 8 bytes, scheduler.o(i._rt_scheduler_stack_check))
<BR><BR>[Stack]<UL><LI>Max Depth = 180 + In Cycle
<LI>Call Chain = _rt_scheduler_stack_check &rArr;  list_thread (Cycle)
</UL>
<BR>[Calls]<UL><LI><a href="#[67]">&gt;&gt;</a>&nbsp;&nbsp;&nbsp;rt_assert_handler
<LI><a href="#[5f]">&gt;&gt;</a>&nbsp;&nbsp;&nbsp;rt_kprintf
<LI><a href="#[6c]">&gt;&gt;</a>&nbsp;&nbsp;&nbsp;rt_hw_interrupt_disable
<LI><a href="#[43]">&gt;&gt;</a>&nbsp;&nbsp;&nbsp;list_thread
</UL>
<BR>[Called By]<UL><LI><a href="#[9f]">&gt;&gt;</a>&nbsp;&nbsp;&nbsp;rt_schedule
</UL>

<P><STRONG><a name="[6d]"></a>_rt_thread_init</STRONG> (Thumb, 118 bytes, Stack size 32 bytes, thread.o(i._rt_thread_init))
<BR><BR>[Stack]<UL><LI>Max Depth = 112<LI>Call Chain = _rt_thread_init &rArr; rt_timer_init &rArr; rt_object_init &rArr; rt_assert_handler &rArr;  rt_kprintf (Cycle)
</UL>
<BR>[Calls]<UL><LI><a href="#[67]">&gt;&gt;</a>&nbsp;&nbsp;&nbsp;rt_assert_handler
<LI><a href="#[6e]">&gt;&gt;</a>&nbsp;&nbsp;&nbsp;rt_memset
<LI><a href="#[70]">&gt;&gt;</a>&nbsp;&nbsp;&nbsp;rt_timer_init
<LI><a href="#[6f]">&gt;&gt;</a>&nbsp;&nbsp;&nbsp;rt_hw_stack_init
</UL>
<BR>[Called By]<UL><LI><a href="#[83]">&gt;&gt;</a>&nbsp;&nbsp;&nbsp;rt_thread_create
<LI><a href="#[d2]">&gt;&gt;</a>&nbsp;&nbsp;&nbsp;rt_thread_init
</UL>

<P><STRONG><a name="[ce]"></a>rt_list_insert_after</STRONG> (Thumb, 14 bytes, Stack size 0 bytes, thread.o(i.rt_list_insert_after))
<BR><BR>[Called By]<UL><LI><a href="#[29]">&gt;&gt;</a>&nbsp;&nbsp;&nbsp;rt_thread_exit
</UL>

<P><STRONG><a name="[d3]"></a>rt_list_remove</STRONG> (Thumb, 18 bytes, Stack size 0 bytes, thread.o(i.rt_list_remove))
<BR><BR>[Called By]<UL><LI><a href="#[9e]">&gt;&gt;</a>&nbsp;&nbsp;&nbsp;rt_thread_resume
<LI><a href="#[d5]">&gt;&gt;</a>&nbsp;&nbsp;&nbsp;rt_thread_yield
<LI><a href="#[2a]">&gt;&gt;</a>&nbsp;&nbsp;&nbsp;rt_thread_timeout
</UL>

<P><STRONG><a name="[d8]"></a>_rt_timer_init</STRONG> (Thumb, 28 bytes, Stack size 8 bytes, timer.o(i._rt_timer_init))
<BR><BR>[Stack]<UL><LI>Max Depth = 8<LI>Call Chain = _rt_timer_init
</UL>
<BR>[Called By]<UL><LI><a href="#[70]">&gt;&gt;</a>&nbsp;&nbsp;&nbsp;rt_timer_init
</UL>

<P><STRONG><a name="[d7]"></a>_rt_timer_remove</STRONG> (Thumb, 20 bytes, Stack size 0 bytes, timer.o(i._rt_timer_remove))
<BR><BR>[Called By]<UL><LI><a href="#[a5]">&gt;&gt;</a>&nbsp;&nbsp;&nbsp;rt_timer_start
<LI><a href="#[d6]">&gt;&gt;</a>&nbsp;&nbsp;&nbsp;rt_timer_check
<LI><a href="#[d4]">&gt;&gt;</a>&nbsp;&nbsp;&nbsp;rt_timer_stop
<LI><a href="#[cd]">&gt;&gt;</a>&nbsp;&nbsp;&nbsp;rt_timer_detach
</UL>

<P><STRONG><a name="[d9]"></a>rt_list_insert_after</STRONG> (Thumb, 14 bytes, Stack size 0 bytes, timer.o(i.rt_list_insert_after))
<BR><BR>[Called By]<UL><LI><a href="#[a5]">&gt;&gt;</a>&nbsp;&nbsp;&nbsp;rt_timer_start
</UL>

<P><STRONG><a name="[71]"></a>_serial_dma_rx</STRONG> (Thumb, 248 bytes, Stack size 40 bytes, serial.o(i._serial_dma_rx))
<BR><BR>[Stack]<UL><LI>Max Depth = 88<LI>Call Chain = _serial_dma_rx &rArr; rt_dma_recv_update_get_index &rArr; rt_dma_calc_recved_len &rArr; rt_assert_handler &rArr;  rt_kprintf (Cycle)
</UL>
<BR>[Calls]<UL><LI><a href="#[67]">&gt;&gt;</a>&nbsp;&nbsp;&nbsp;rt_assert_handler
<LI><a href="#[6c]">&gt;&gt;</a>&nbsp;&nbsp;&nbsp;rt_hw_interrupt_disable
<LI><a href="#[75]">&gt;&gt;</a>&nbsp;&nbsp;&nbsp;rt_memcpy
<LI><a href="#[74]">&gt;&gt;</a>&nbsp;&nbsp;&nbsp;rt_set_errno
<LI><a href="#[73]">&gt;&gt;</a>&nbsp;&nbsp;&nbsp;rt_hw_interrupt_enable
<LI><a href="#[76]">&gt;&gt;</a>&nbsp;&nbsp;&nbsp;rt_dma_recv_update_get_index
<LI><a href="#[72]">&gt;&gt;</a>&nbsp;&nbsp;&nbsp;rt_dma_calc_recved_len
</UL>
<BR>[Called By]<UL><LI><a href="#[31]">&gt;&gt;</a>&nbsp;&nbsp;&nbsp;rt_serial_read
</UL>

<P><STRONG><a name="[77]"></a>_serial_int_rx</STRONG> (Thumb, 134 bytes, Stack size 32 bytes, serial.o(i._serial_int_rx))
<BR><BR>[Stack]<UL><LI>Max Depth = 48<LI>Call Chain = _serial_int_rx &rArr; rt_assert_handler &rArr;  rt_kprintf (Cycle)
</UL>
<BR>[Calls]<UL><LI><a href="#[67]">&gt;&gt;</a>&nbsp;&nbsp;&nbsp;rt_assert_handler
<LI><a href="#[6c]">&gt;&gt;</a>&nbsp;&nbsp;&nbsp;rt_hw_interrupt_disable
<LI><a href="#[73]">&gt;&gt;</a>&nbsp;&nbsp;&nbsp;rt_hw_interrupt_enable
</UL>
<BR>[Called By]<UL><LI><a href="#[31]">&gt;&gt;</a>&nbsp;&nbsp;&nbsp;rt_serial_read
</UL>

<P><STRONG><a name="[72]"></a>rt_dma_calc_recved_len</STRONG> (Thumb, 60 bytes, Stack size 16 bytes, serial.o(i.rt_dma_calc_recved_len))
<BR><BR>[Stack]<UL><LI>Max Depth = 32<LI>Call Chain = rt_dma_calc_recved_len &rArr; rt_assert_handler &rArr;  rt_kprintf (Cycle)
</UL>
<BR>[Calls]<UL><LI><a href="#[67]">&gt;&gt;</a>&nbsp;&nbsp;&nbsp;rt_assert_handler
</UL>
<BR>[Called By]<UL><LI><a href="#[5a]">&gt;&gt;</a>&nbsp;&nbsp;&nbsp;rt_hw_serial_isr
<LI><a href="#[76]">&gt;&gt;</a>&nbsp;&nbsp;&nbsp;rt_dma_recv_update_get_index
<LI><a href="#[71]">&gt;&gt;</a>&nbsp;&nbsp;&nbsp;_serial_dma_rx
</UL>

<P><STRONG><a name="[76]"></a>rt_dma_recv_update_get_index</STRONG> (Thumb, 86 bytes, Stack size 16 bytes, serial.o(i.rt_dma_recv_update_get_index))
<BR><BR>[Stack]<UL><LI>Max Depth = 48<LI>Call Chain = rt_dma_recv_update_get_index &rArr; rt_dma_calc_recved_len &rArr; rt_assert_handler &rArr;  rt_kprintf (Cycle)
</UL>
<BR>[Calls]<UL><LI><a href="#[67]">&gt;&gt;</a>&nbsp;&nbsp;&nbsp;rt_assert_handler
<LI><a href="#[72]">&gt;&gt;</a>&nbsp;&nbsp;&nbsp;rt_dma_calc_recved_len
<LI><a href="#[54]">&gt;&gt;</a>&nbsp;&nbsp;&nbsp;__aeabi_uidivmod
</UL>
<BR>[Called By]<UL><LI><a href="#[71]">&gt;&gt;</a>&nbsp;&nbsp;&nbsp;_serial_dma_rx
</UL>

<P><STRONG><a name="[b2]"></a>rt_dma_recv_update_put_index</STRONG> (Thumb, 120 bytes, Stack size 24 bytes, serial.o(i.rt_dma_recv_update_put_index))
<BR><BR>[Stack]<UL><LI>Max Depth = 40<LI>Call Chain = rt_dma_recv_update_put_index &rArr; rt_assert_handler &rArr;  rt_kprintf (Cycle)
</UL>
<BR>[Calls]<UL><LI><a href="#[67]">&gt;&gt;</a>&nbsp;&nbsp;&nbsp;rt_assert_handler
<LI><a href="#[54]">&gt;&gt;</a>&nbsp;&nbsp;&nbsp;__aeabi_uidivmod
</UL>
<BR>[Called By]<UL><LI><a href="#[5a]">&gt;&gt;</a>&nbsp;&nbsp;&nbsp;rt_hw_serial_isr
</UL>

<P><STRONG><a name="[30]"></a>rt_serial_close</STRONG> (Thumb, 254 bytes, Stack size 16 bytes, serial.o(i.rt_serial_close))
<BR><BR>[Stack]<UL><LI>Max Depth = 268<LI>Call Chain = rt_serial_close &rArr; rt_free &rArr; rt_sem_take &rArr; rt_schedule &rArr; _rt_scheduler_stack_check &rArr;  list_thread (Cycle)
</UL>
<BR>[Calls]<UL><LI><a href="#[67]">&gt;&gt;</a>&nbsp;&nbsp;&nbsp;rt_assert_handler
<LI><a href="#[b3]">&gt;&gt;</a>&nbsp;&nbsp;&nbsp;rt_free
</UL>
<BR>[Address Reference Count : 1]<UL><LI> serial.o(i.rt_hw_serial_register)
</UL>
<P><STRONG><a name="[33]"></a>rt_serial_control</STRONG> (Thumb, 122 bytes, Stack size 24 bytes, serial.o(i.rt_serial_control))
<BR><BR>[Stack]<UL><LI>Max Depth = 40<LI>Call Chain = rt_serial_control &rArr; rt_assert_handler &rArr;  rt_kprintf (Cycle)
</UL>
<BR>[Calls]<UL><LI><a href="#[67]">&gt;&gt;</a>&nbsp;&nbsp;&nbsp;rt_assert_handler
</UL>
<BR>[Address Reference Count : 1]<UL><LI> serial.o(i.rt_hw_serial_register)
</UL>
<P><STRONG><a name="[2e]"></a>rt_serial_init</STRONG> (Thumb, 48 bytes, Stack size 16 bytes, serial.o(i.rt_serial_init))
<BR><BR>[Stack]<UL><LI>Max Depth = 32<LI>Call Chain = rt_serial_init &rArr; rt_assert_handler &rArr;  rt_kprintf (Cycle)
</UL>
<BR>[Calls]<UL><LI><a href="#[67]">&gt;&gt;</a>&nbsp;&nbsp;&nbsp;rt_assert_handler
</UL>
<BR>[Address Reference Count : 1]<UL><LI> serial.o(i.rt_hw_serial_register)
</UL>
<P><STRONG><a name="[2f]"></a>rt_serial_open</STRONG> (Thumb, 454 bytes, Stack size 24 bytes, serial.o(i.rt_serial_open))
<BR><BR>[Stack]<UL><LI>Max Depth = 308<LI>Call Chain = rt_serial_open &rArr; rt_data_queue_init &rArr; rt_malloc &rArr; rt_sem_take &rArr; rt_schedule &rArr; _rt_scheduler_stack_check &rArr;  list_thread (Cycle)
</UL>
<BR>[Calls]<UL><LI><a href="#[67]">&gt;&gt;</a>&nbsp;&nbsp;&nbsp;rt_assert_handler
<LI><a href="#[6e]">&gt;&gt;</a>&nbsp;&nbsp;&nbsp;rt_memset
<LI><a href="#[9c]">&gt;&gt;</a>&nbsp;&nbsp;&nbsp;rt_malloc
<LI><a href="#[a9]">&gt;&gt;</a>&nbsp;&nbsp;&nbsp;rt_data_queue_init
<LI><a href="#[a0]">&gt;&gt;</a>&nbsp;&nbsp;&nbsp;rt_completion_init
</UL>
<BR>[Address Reference Count : 1]<UL><LI> serial.o(i.rt_hw_serial_register)
</UL>
<P><STRONG><a name="[31]"></a>rt_serial_read</STRONG> (Thumb, 108 bytes, Stack size 24 bytes, serial.o(i.rt_serial_read))
<BR><BR>[Stack]<UL><LI>Max Depth = 112<LI>Call Chain = rt_serial_read &rArr; _serial_dma_rx &rArr; rt_dma_recv_update_get_index &rArr; rt_dma_calc_recved_len &rArr; rt_assert_handler &rArr;  rt_kprintf (Cycle)
</UL>
<BR>[Calls]<UL><LI><a href="#[67]">&gt;&gt;</a>&nbsp;&nbsp;&nbsp;rt_assert_handler
<LI><a href="#[77]">&gt;&gt;</a>&nbsp;&nbsp;&nbsp;_serial_int_rx
<LI><a href="#[71]">&gt;&gt;</a>&nbsp;&nbsp;&nbsp;_serial_dma_rx
</UL>
<BR>[Address Reference Count : 1]<UL><LI> serial.o(i.rt_hw_serial_register)
</UL>
<P><STRONG><a name="[32]"></a>rt_serial_write</STRONG> (Thumb, 248 bytes, Stack size 24 bytes, serial.o(i.rt_serial_write))
<BR><BR>[Stack]<UL><LI>Max Depth = 268<LI>Call Chain = rt_serial_write &rArr; rt_data_queue_push &rArr; rt_schedule &rArr; _rt_scheduler_stack_check &rArr;  list_thread (Cycle)
</UL>
<BR>[Calls]<UL><LI><a href="#[67]">&gt;&gt;</a>&nbsp;&nbsp;&nbsp;rt_assert_handler
<LI><a href="#[6c]">&gt;&gt;</a>&nbsp;&nbsp;&nbsp;rt_hw_interrupt_disable
<LI><a href="#[74]">&gt;&gt;</a>&nbsp;&nbsp;&nbsp;rt_set_errno
<LI><a href="#[73]">&gt;&gt;</a>&nbsp;&nbsp;&nbsp;rt_hw_interrupt_enable
<LI><a href="#[ad]">&gt;&gt;</a>&nbsp;&nbsp;&nbsp;rt_data_queue_push
<LI><a href="#[a1]">&gt;&gt;</a>&nbsp;&nbsp;&nbsp;rt_completion_wait
</UL>
<BR>[Address Reference Count : 1]<UL><LI> serial.o(i.rt_hw_serial_register)
</UL>
<P><STRONG><a name="[ac]"></a>rt_list_insert_before</STRONG> (Thumb, 14 bytes, Stack size 0 bytes, dataqueue.o(i.rt_list_insert_before))
<BR><BR>[Called By]<UL><LI><a href="#[ad]">&gt;&gt;</a>&nbsp;&nbsp;&nbsp;rt_data_queue_push
<LI><a href="#[ab]">&gt;&gt;</a>&nbsp;&nbsp;&nbsp;rt_data_queue_pop
</UL>

<P><STRONG><a name="[5d]"></a>_list_mutex</STRONG> (Thumb, 94 bytes, Stack size 40 bytes, cmd.o(i._list_mutex))
<BR><BR>[Stack]<UL><LI>Max Depth = 268<LI>Call Chain = _list_mutex &rArr; object_name_maxlen &rArr; rt_exit_critical &rArr; rt_schedule &rArr; _rt_scheduler_stack_check &rArr;  list_thread (Cycle)
</UL>
<BR>[Calls]<UL><LI><a href="#[5f]">&gt;&gt;</a>&nbsp;&nbsp;&nbsp;rt_kprintf
<LI><a href="#[61]">&gt;&gt;</a>&nbsp;&nbsp;&nbsp;rt_list_len
<LI><a href="#[60]">&gt;&gt;</a>&nbsp;&nbsp;&nbsp;object_split
<LI><a href="#[5e]">&gt;&gt;</a>&nbsp;&nbsp;&nbsp;object_name_maxlen
</UL>
<BR>[Called By]<UL><LI><a href="#[45]">&gt;&gt;</a>&nbsp;&nbsp;&nbsp;list_mutex
</UL>

<P><STRONG><a name="[62]"></a>_list_sem</STRONG> (Thumb, 158 bytes, Stack size 32 bytes, cmd.o(i._list_sem))
<BR><BR>[Stack]<UL><LI>Max Depth = 260<LI>Call Chain = _list_sem &rArr; object_name_maxlen &rArr; rt_exit_critical &rArr; rt_schedule &rArr; _rt_scheduler_stack_check &rArr;  list_thread (Cycle)
</UL>
<BR>[Calls]<UL><LI><a href="#[5f]">&gt;&gt;</a>&nbsp;&nbsp;&nbsp;rt_kprintf
<LI><a href="#[61]">&gt;&gt;</a>&nbsp;&nbsp;&nbsp;rt_list_len
<LI><a href="#[60]">&gt;&gt;</a>&nbsp;&nbsp;&nbsp;object_split
<LI><a href="#[5e]">&gt;&gt;</a>&nbsp;&nbsp;&nbsp;object_name_maxlen
</UL>
<BR>[Called By]<UL><LI><a href="#[44]">&gt;&gt;</a>&nbsp;&nbsp;&nbsp;list_sem
</UL>

<P><STRONG><a name="[63]"></a>_list_thread</STRONG> (Thumb, 180 bytes, Stack size 56 bytes, cmd.o(i._list_thread))
<BR><BR>[Stack]<UL><LI>Max Depth = 284<LI>Call Chain = _list_thread &rArr; object_name_maxlen &rArr; rt_exit_critical &rArr; rt_schedule &rArr; _rt_scheduler_stack_check &rArr;  list_thread (Cycle)
</UL>
<BR>[Calls]<UL><LI><a href="#[5f]">&gt;&gt;</a>&nbsp;&nbsp;&nbsp;rt_kprintf
<LI><a href="#[60]">&gt;&gt;</a>&nbsp;&nbsp;&nbsp;object_split
<LI><a href="#[5e]">&gt;&gt;</a>&nbsp;&nbsp;&nbsp;object_name_maxlen
<LI><a href="#[54]">&gt;&gt;</a>&nbsp;&nbsp;&nbsp;__aeabi_uidivmod
</UL>
<BR>[Called By]<UL><LI><a href="#[43]">&gt;&gt;</a>&nbsp;&nbsp;&nbsp;list_thread
</UL>

<P><STRONG><a name="[64]"></a>_list_timer</STRONG> (Thumb, 104 bytes, Stack size 32 bytes, cmd.o(i._list_timer))
<BR><BR>[Stack]<UL><LI>Max Depth = 260<LI>Call Chain = _list_timer &rArr; object_name_maxlen &rArr; rt_exit_critical &rArr; rt_schedule &rArr; _rt_scheduler_stack_check &rArr;  list_thread (Cycle)
</UL>
<BR>[Calls]<UL><LI><a href="#[5f]">&gt;&gt;</a>&nbsp;&nbsp;&nbsp;rt_kprintf
<LI><a href="#[65]">&gt;&gt;</a>&nbsp;&nbsp;&nbsp;rt_tick_get
<LI><a href="#[60]">&gt;&gt;</a>&nbsp;&nbsp;&nbsp;object_split
<LI><a href="#[5e]">&gt;&gt;</a>&nbsp;&nbsp;&nbsp;object_name_maxlen
</UL>
<BR>[Called By]<UL><LI><a href="#[46]">&gt;&gt;</a>&nbsp;&nbsp;&nbsp;list_timer
</UL>

<P><STRONG><a name="[5e]"></a>object_name_maxlen</STRONG> (Thumb, 56 bytes, Stack size 16 bytes, cmd.o(i.object_name_maxlen))
<BR><BR>[Stack]<UL><LI>Max Depth = 228<LI>Call Chain = object_name_maxlen &rArr; rt_exit_critical &rArr; rt_schedule &rArr; _rt_scheduler_stack_check &rArr;  list_thread (Cycle)
</UL>
<BR>[Calls]<UL><LI><a href="#[94]">&gt;&gt;</a>&nbsp;&nbsp;&nbsp;rt_strlen
<LI><a href="#[96]">&gt;&gt;</a>&nbsp;&nbsp;&nbsp;rt_exit_critical
<LI><a href="#[95]">&gt;&gt;</a>&nbsp;&nbsp;&nbsp;rt_enter_critical
</UL>
<BR>[Called By]<UL><LI><a href="#[64]">&gt;&gt;</a>&nbsp;&nbsp;&nbsp;_list_timer
<LI><a href="#[63]">&gt;&gt;</a>&nbsp;&nbsp;&nbsp;_list_thread
<LI><a href="#[62]">&gt;&gt;</a>&nbsp;&nbsp;&nbsp;_list_sem
<LI><a href="#[5d]">&gt;&gt;</a>&nbsp;&nbsp;&nbsp;_list_mutex
</UL>

<P><STRONG><a name="[60]"></a>object_split</STRONG> (Thumb, 18 bytes, Stack size 8 bytes, cmd.o(i.object_split))
<BR><BR>[Stack]<UL><LI>Max Depth = 180<LI>Call Chain = object_split &rArr; rt_kprintf &rArr; rt_vsnprintf &rArr; print_number &rArr; __aeabi_uidivmod
</UL>
<BR>[Calls]<UL><LI><a href="#[5f]">&gt;&gt;</a>&nbsp;&nbsp;&nbsp;rt_kprintf
</UL>
<BR>[Called By]<UL><LI><a href="#[64]">&gt;&gt;</a>&nbsp;&nbsp;&nbsp;_list_timer
<LI><a href="#[63]">&gt;&gt;</a>&nbsp;&nbsp;&nbsp;_list_thread
<LI><a href="#[62]">&gt;&gt;</a>&nbsp;&nbsp;&nbsp;_list_sem
<LI><a href="#[5d]">&gt;&gt;</a>&nbsp;&nbsp;&nbsp;_list_mutex
</UL>

<P><STRONG><a name="[61]"></a>rt_list_len</STRONG> (Thumb, 18 bytes, Stack size 0 bytes, cmd.o(i.rt_list_len))
<BR><BR>[Called By]<UL><LI><a href="#[62]">&gt;&gt;</a>&nbsp;&nbsp;&nbsp;_list_sem
<LI><a href="#[5d]">&gt;&gt;</a>&nbsp;&nbsp;&nbsp;_list_mutex
</UL>

<P><STRONG><a name="[2b]"></a>finsh_rx_ind</STRONG> (Thumb, 30 bytes, Stack size 8 bytes, shell.o(i.finsh_rx_ind))
<BR><BR>[Stack]<UL><LI>Max Depth = 228<LI>Call Chain = finsh_rx_ind &rArr; rt_sem_release &rArr; rt_schedule &rArr; _rt_scheduler_stack_check &rArr;  list_thread (Cycle)
</UL>
<BR>[Calls]<UL><LI><a href="#[67]">&gt;&gt;</a>&nbsp;&nbsp;&nbsp;rt_assert_handler
<LI><a href="#[7c]">&gt;&gt;</a>&nbsp;&nbsp;&nbsp;rt_sem_release
</UL>
<BR>[Address Reference Count : 1]<UL><LI> shell.o(i.finsh_set_device)
</UL>
<P><STRONG><a name="[66]"></a>_msh_exec_cmd</STRONG> (Thumb, 174 bytes, Stack size 80 bytes, msh.o(i._msh_exec_cmd))
<BR><BR>[Stack]<UL><LI>Max Depth = 276<LI>Call Chain = _msh_exec_cmd &rArr; msh_split &rArr; rt_kprintf &rArr; rt_vsnprintf &rArr; print_number &rArr; __aeabi_uidivmod
</UL>
<BR>[Calls]<UL><LI><a href="#[67]">&gt;&gt;</a>&nbsp;&nbsp;&nbsp;rt_assert_handler
<LI><a href="#[68]">&gt;&gt;</a>&nbsp;&nbsp;&nbsp;strncmp
<LI><a href="#[69]">&gt;&gt;</a>&nbsp;&nbsp;&nbsp;__aeabi_memclr4
<LI><a href="#[6a]">&gt;&gt;</a>&nbsp;&nbsp;&nbsp;msh_split
</UL>
<BR>[Called By]<UL><LI><a href="#[8c]">&gt;&gt;</a>&nbsp;&nbsp;&nbsp;msh_exec
</UL>

<P><STRONG><a name="[6a]"></a>msh_split</STRONG> (Thumb, 170 bytes, Stack size 24 bytes, msh.o(i.msh_split))
<BR><BR>[Stack]<UL><LI>Max Depth = 196<LI>Call Chain = msh_split &rArr; rt_kprintf &rArr; rt_vsnprintf &rArr; print_number &rArr; __aeabi_uidivmod
</UL>
<BR>[Calls]<UL><LI><a href="#[5f]">&gt;&gt;</a>&nbsp;&nbsp;&nbsp;rt_kprintf
</UL>
<BR>[Called By]<UL><LI><a href="#[66]">&gt;&gt;</a>&nbsp;&nbsp;&nbsp;_msh_exec_cmd
</UL>
<P>
<H3>
Undefined Global Symbols
</H3><HR></body></html>
